Command line invocation:
    /Applications/Xcode-beta.app/Contents/Developer/usr/bin/xcodebuild -project Sonatrix.xcodeproj build -configuration Debug -parallelizeTargets -hideShellScriptEnvironment -target ALL_BUILD

ComputePackagePrebuildTargetDependencyGraph

CreateBuildRequest

SendProjectDescription

CreateBuildOperation

ComputeTargetDependencyGraph
note: Building targets in dependency order
note: Target dependency graph (5 targets)
    Target 'ALL_BUILD' in project 'Sonatrix'
        ➜ Explicit dependency on target 'SonatrixStandalone' in project 'Sonatrix'
        ➜ Explicit dependency on target 'SonatrixAUv3' in project 'Sonatrix'
        ➜ Explicit dependency on target 'ZERO_CHECK' in project 'Sonatrix'
        ➜ Explicit dependency on target 'SonatrixCore' in project 'Sonatrix'
    Target 'SonatrixAUv3' in project 'Sonatrix'
        ➜ Explicit dependency on target 'ZERO_CHECK' in project 'Sonatrix'
        ➜ Explicit dependency on target 'SonatrixCore' in project 'Sonatrix'
    Target 'SonatrixStandalone' in project 'Sonatrix'
        ➜ Explicit dependency on target 'ZERO_CHECK' in project 'Sonatrix'
        ➜ Explicit dependency on target 'SonatrixCore' in project 'Sonatrix'
    Target 'SonatrixCore' in project 'Sonatrix'
        ➜ Explicit dependency on target 'ZERO_CHECK' in project 'Sonatrix'
    Target 'ZERO_CHECK' in project 'Sonatrix' (no dependencies)

GatherProvisioningInputs

CreateBuildDescription

ClangStatCache /Applications/Xcode-beta.app/Contents/Developer/Toolchains/XcodeDefault.xctoolchain/usr/bin/clang-stat-cache /Applications/Xcode-beta.app/Contents/Developer/Platforms/MacOSX.platform/Developer/SDKs/MacOSX26.2.sdk /var/folders/gg/2rv51rgx3259vbndk_zcffyh0000gn/C/com.apple.DeveloperTools/26.2-17C5038g/Xcode/SDKStatCaches.noindex/macosx26.2-25C5048a-3885c01c3e6b6a337905948deab2002e28ca432d5676da3146507086b13d17f8.sdkstatcache
    cd /Users/jason/Developer/Sonatrix/build/Sonatrix.xcodeproj
    /Applications/Xcode-beta.app/Contents/Developer/Toolchains/XcodeDefault.xctoolchain/usr/bin/clang-stat-cache /Applications/Xcode-beta.app/Contents/Developer/Platforms/MacOSX.platform/Developer/SDKs/MacOSX26.2.sdk -o /var/folders/gg/2rv51rgx3259vbndk_zcffyh0000gn/C/com.apple.DeveloperTools/26.2-17C5038g/Xcode/SDKStatCaches.noindex/macosx26.2-25C5048a-3885c01c3e6b6a337905948deab2002e28ca432d5676da3146507086b13d17f8.sdkstatcache

note: Run script build phase 'Generate CMakeFiles/ZERO_CHECK' will be run during every build because the option to run the script phase "Based on dependency analysis" is unchecked. (in target 'ZERO_CHECK' from project 'Sonatrix')
PhaseScriptExecution Generate\ CMakeFiles/ZERO_CHECK /Users/jason/Developer/Sonatrix/build/build/Sonatrix.build/Debug/ZERO_CHECK.build/Script-3E24C245A94724F87DA299F5.sh (in target 'ZERO_CHECK' from project 'Sonatrix')
    cd /Users/jason/Developer/Sonatrix
    /bin/sh -c /Users/jason/Developer/Sonatrix/build/build/Sonatrix.build/Debug/ZERO_CHECK.build/Script-3E24C245A94724F87DA299F5.sh
make: `/Users/jason/Developer/Sonatrix/build/CMakeFiles/cmake.check_cache' is up to date.

Ld /Users/jason/Developer/Sonatrix/build/Debug/SonatrixAUv3.appex/Contents/MacOS/SonatrixAUv3 normal (in target 'SonatrixAUv3' from project 'Sonatrix')
    cd /Users/jason/Developer/Sonatrix
    /Applications/Xcode-beta.app/Contents/Developer/Toolchains/XcodeDefault.xctoolchain/usr/bin/clang++ -Xlinker -reproducible -target arm64-apple-macos26.2 -bundle -isysroot /Applications/Xcode-beta.app/Contents/Developer/Platforms/MacOSX.platform/Developer/SDKs/MacOSX26.2.sdk -O0 -L/Users/jason/Developer/Sonatrix/build/build/EagerLinkingTBDs/Debug -L/Users/jason/Developer/Sonatrix/build/Debug -L/Applications/Xcode-beta.app/Contents/Developer/Platforms/MacOSX.platform/Developer/SDKs/MacOSX26.2.sdk/usr/lib/swift/Debug -L/Applications/Xcode-beta.app/Contents/Developer/Platforms/MacOSX.platform/Developer/SDKs/MacOSX26.2.sdk/usr/lib/swift -F/Users/jason/Developer/Sonatrix/build/build/EagerLinkingTBDs/Debug -F/Users/jason/Developer/Sonatrix/build/Debug -F/Applications/Xcode-beta.app/Contents/Developer/Platforms/MacOSX.platform/Developer/SDKs/MacOSX26.2.sdk/System/Library/Frameworks -filelist /Users/jason/Developer/Sonatrix/build/build/SonatrixAUv3.build/Debug/Objects-normal/arm64/SonatrixAUv3.LinkFileList -Xlinker -object_path_lto -Xlinker /Users/jason/Developer/Sonatrix/build/build/SonatrixAUv3.build/Debug/Objects-normal/arm64/SonatrixAUv3_lto.o -Xlinker -no_deduplicate -Xlinker -dependency_info -Xlinker /Users/jason/Developer/Sonatrix/build/build/SonatrixAUv3.build/Debug/Objects-normal/arm64/SonatrixAUv3_dependency_info.dat -fobjc-link-runtime -L/Applications/Xcode-beta.app/Contents/Developer/Toolchains/XcodeDefault.xctoolchain/usr/lib/swift/macosx -L/usr/lib/swift -Xlinker -add_ast_path -Xlinker /Users/jason/Developer/Sonatrix/build/build/SonatrixAUv3.build/Debug/Objects-normal/arm64/SonatrixAUv3.swiftmodule @/Users/jason/Developer/Sonatrix/build/build/SonatrixAUv3.build/Debug/Objects-normal/arm64/SonatrixAUv3-linker-args.resp /Users/jason/Developer/Sonatrix/build/src/core/Debug/libSonatrixCore.a -Xlinker -framework -Xlinker AudioUnit -Xlinker -framework -Xlinker AudioToolbox -Xlinker -framework -Xlinker CoreAudio -Xlinker -framework -Xlinker CoreAudioKit -Xlinker -framework -Xlinker CoreMIDI -Xlinker -framework -Xlinker AVFoundation -Xlinker -framework -Xlinker Foundation -Xlinker -framework -Xlinker AppKit -Xlinker -framework -Xlinker SwiftUI -lc++ -lobjc -lc++ -Xlinker -no_adhoc_codesign -o /Users/jason/Developer/Sonatrix/build/Debug/SonatrixAUv3.appex/Contents/MacOS/SonatrixAUv3
ld: warning: ignoring duplicate libraries: '-lc++', '-lobjc'
ld: warning: search path '/Applications/Xcode-beta.app/Contents/Developer/Platforms/MacOSX.platform/Developer/SDKs/MacOSX26.2.sdk/usr/lib/swift/Debug' not found

ProcessProductPackaging "" /Users/jason/Developer/Sonatrix/build/build/SonatrixStandalone.build/Debug/SonatrixStandalone.app.xcent (in target 'SonatrixStandalone' from project 'Sonatrix')
    cd /Users/jason/Developer/Sonatrix
    
    Entitlements:
    
    {
    "com.apple.security.get-task-allow" = 1;
}
    
    builtin-productPackagingUtility -entitlements -format xml -o /Users/jason/Developer/Sonatrix/build/build/SonatrixStandalone.build/Debug/SonatrixStandalone.app.xcent

ProcessInfoPlistFile /Users/jason/Developer/Sonatrix/build/Debug/SonatrixAUv3.appex/Contents/Info.plist /Users/jason/Developer/Sonatrix/build/CMakeFiles/SonatrixAUv3.dir/Info.plist (in target 'SonatrixAUv3' from project 'Sonatrix')
    cd /Users/jason/Developer/Sonatrix
    builtin-infoPlistUtility /Users/jason/Developer/Sonatrix/build/CMakeFiles/SonatrixAUv3.dir/Info.plist -producttype com.apple.product-type.bundle -expandbuildsettings -platform macosx -o /Users/jason/Developer/Sonatrix/build/Debug/SonatrixAUv3.appex/Contents/Info.plist
/Users/jason/Developer/Sonatrix/build/Sonatrix.xcodeproj: warning: User-supplied CFBundleIdentifier value 'com.jason.Sonatrix.AUv3' in the Info.plist must be the same as the PRODUCT_BUNDLE_IDENTIFIER build setting value ''. (in target 'SonatrixAUv3' from project 'Sonatrix')

ProcessProductPackagingDER /Users/jason/Developer/Sonatrix/build/build/SonatrixStandalone.build/Debug/SonatrixStandalone.app.xcent /Users/jason/Developer/Sonatrix/build/build/SonatrixStandalone.build/Debug/SonatrixStandalone.app.xcent.der (in target 'SonatrixStandalone' from project 'Sonatrix')
    cd /Users/jason/Developer/Sonatrix
    /usr/bin/derq query -f xml -i /Users/jason/Developer/Sonatrix/build/build/SonatrixStandalone.build/Debug/SonatrixStandalone.app.xcent -o /Users/jason/Developer/Sonatrix/build/build/SonatrixStandalone.build/Debug/SonatrixStandalone.app.xcent.der --raw

ProcessInfoPlistFile /Users/jason/Developer/Sonatrix/build/Debug/SonatrixStandalone.app/Contents/Info.plist /Users/jason/Developer/Sonatrix/build/CMakeFiles/SonatrixStandalone.dir/Info.plist (in target 'SonatrixStandalone' from project 'Sonatrix')
    cd /Users/jason/Developer/Sonatrix
    builtin-infoPlistUtility /Users/jason/Developer/Sonatrix/build/CMakeFiles/SonatrixStandalone.dir/Info.plist -producttype com.apple.product-type.application -genpkginfo /Users/jason/Developer/Sonatrix/build/Debug/SonatrixStandalone.app/Contents/PkgInfo -expandbuildsettings -platform macosx -o /Users/jason/Developer/Sonatrix/build/Debug/SonatrixStandalone.app/Contents/Info.plist
/Users/jason/Developer/Sonatrix/build/Sonatrix.xcodeproj: warning: User-supplied CFBundleIdentifier value 'com.jason.Sonatrix' in the Info.plist must be the same as the PRODUCT_BUNDLE_IDENTIFIER build setting value ''. (in target 'SonatrixStandalone' from project 'Sonatrix')
warning: LSMinimumSystemVersion of '12.0' is less than the value of MACOSX_DEPLOYMENT_TARGET '26.2' - setting to '26.2'. (in target 'SonatrixStandalone' from project 'Sonatrix')

SwiftDriver SonatrixStandalone normal arm64 com.apple.xcode.tools.swift.compiler (in target 'SonatrixStandalone' from project 'Sonatrix')
    cd /Users/jason/Developer/Sonatrix
    builtin-SwiftDriver -- /Applications/Xcode-beta.app/Contents/Developer/Toolchains/XcodeDefault.xctoolchain/usr/bin/swiftc -module-name SonatrixStandalone -O -enforce-exclusivity\=checked @/Users/jason/Developer/Sonatrix/build/build/SonatrixStandalone.build/Debug/Objects-normal/arm64/SonatrixStandalone.SwiftFileList -Onone -DSTANDALONE -enable-bare-slash-regex -enable-experimental-feature DebugDescriptionMacro -sdk /Applications/Xcode-beta.app/Contents/Developer/Platforms/MacOSX.platform/Developer/SDKs/MacOSX26.2.sdk -target arm64-apple-macos26.2 -g -Xfrontend -serialize-debugging-options -Xcc -D_LIBCPP_HARDENING_MODE\=_LIBCPP_HARDENING_MODE_DEBUG -swift-version 4 -I /Users/jason/Developer/Sonatrix/build/Debug -I /Users/jason/Developer/Sonatrix/src/core -F /Users/jason/Developer/Sonatrix/build/Debug -F /Applications/Xcode-beta.app/Contents/Developer/Platforms/MacOSX.platform/Developer/SDKs/MacOSX26.2.sdk/System/Library/Frameworks -c -j14 -enable-batch-mode -incremental -Xcc -ivfsstatcache -Xcc /var/folders/gg/2rv51rgx3259vbndk_zcffyh0000gn/C/com.apple.DeveloperTools/26.2-17C5038g/Xcode/SDKStatCaches.noindex/macosx26.2-25C5048a-3885c01c3e6b6a337905948deab2002e28ca432d5676da3146507086b13d17f8.sdkstatcache -output-file-map /Users/jason/Developer/Sonatrix/build/build/SonatrixStandalone.build/Debug/Objects-normal/arm64/SonatrixStandalone-OutputFileMap.json -use-frontend-parseable-output -save-temps -no-color-diagnostics -serialize-diagnostics -emit-dependencies -emit-module -emit-module-path /Users/jason/Developer/Sonatrix/build/build/SonatrixStandalone.build/Debug/Objects-normal/arm64/SonatrixStandalone.swiftmodule -validate-clang-modules-once -clang-build-session-file /var/folders/gg/2rv51rgx3259vbndk_zcffyh0000gn/C/org.llvm.clang/ModuleCache.noindex/Session.modulevalidation -Xcc -I/Users/jason/Developer/Sonatrix/build/build/SonatrixStandalone.build/Debug/swift-overrides.hmap -emit-const-values -Xfrontend -const-gather-protocols-file -Xfrontend /Users/jason/Developer/Sonatrix/build/build/SonatrixStandalone.build/Debug/Objects-normal/arm64/SonatrixStandalone_const_extract_protocols.json -Xcc -I/Users/jason/Developer/Sonatrix/build/Debug/include -Xcc -I/Users/jason/Developer/Sonatrix/src/core -Xcc -I/Users/jason/Developer/Sonatrix/build/build/SonatrixStandalone.build/Debug/DerivedSources-normal/arm64 -Xcc -I/Users/jason/Developer/Sonatrix/build/build/SonatrixStandalone.build/Debug/DerivedSources/arm64 -Xcc -I/Users/jason/Developer/Sonatrix/build/build/SonatrixStandalone.build/Debug/DerivedSources -Xcc -DCMAKE_INTDIR\=\"Debug\" -emit-objc-header -emit-objc-header-path /Users/jason/Developer/Sonatrix/build/build/SonatrixStandalone.build/Debug/Objects-normal/arm64/SonatrixStandalone-Swift.h -import-objc-header /Users/jason/Developer/Sonatrix/src/standalone/Sonatrix-Bridging-Header.h -pch-output-dir /Users/jason/Developer/Sonatrix/build/build/SharedPrecompiledHeaders -working-directory /Users/jason/Developer/Sonatrix -experimental-emit-module-separately -disable-cmo

SwiftGeneratePch normal arm64 Compiling\ bridging\ header (in target 'SonatrixStandalone' from project 'Sonatrix')

PrecompileSwiftBridgingHeader normal arm64 (in target 'SonatrixStandalone' from project 'Sonatrix')
    cd /Users/jason/Developer/Sonatrix
    

SwiftEmitModule normal arm64 Emitting\ module\ for\ SonatrixStandalone (in target 'SonatrixStandalone' from project 'Sonatrix')
EmitSwiftModule normal arm64 (in target 'SonatrixStandalone' from project 'Sonatrix')
    cd /Users/jason/Developer/Sonatrix
    

SwiftCompile normal arm64 Compiling\ ArrangementView.swift /Users/jason/Developer/Sonatrix/src/ui/ArrangementView.swift (in target 'SonatrixStandalone' from project 'Sonatrix')
SwiftCompile normal arm64 /Users/jason/Developer/Sonatrix/src/ui/ArrangementView.swift (in target 'SonatrixStandalone' from project 'Sonatrix')
    cd /Users/jason/Developer/Sonatrix
    
/Users/jason/Developer/Sonatrix/src/ui/ArrangementView.swift:107:31: error: cannot call value of non-function type 'Binding<Subject>'
                    viewModel.triggerCompilerTest()
                              ^                  ~~
                                                 
/Users/jason/Developer/Sonatrix/src/ui/ArrangementView.swift:107:31: error: value of type 'SonatrixViewModel' has no dynamic member 'triggerCompilerTest' using key path from root type 'SonatrixViewModel'
                    viewModel.triggerCompilerTest()
                    ~~~~~~~~~ ^~~~~~~~~~~~~~~~~~~
/Users/jason/Developer/Sonatrix/src/ui/ArrangementView.swift:107:21: error: referencing subscript 'subscript(dynamicMember:)' requires wrapper 'ObservedObject<SonatrixViewModel>.Wrapper'
                    viewModel.triggerCompilerTest()
                    ^
                    $
/Users/jason/Developer/Sonatrix/src/ui/ArrangementView.swift:237:22: warning: 'onChange(of:perform:)' was deprecated in macOS 14.0: Use `onChange` with a two or zero parameter action closure instead.
                    .onChange(of: chord.rootIndex) { newValue in
                     ^
/Users/jason/Developer/Sonatrix/src/ui/ArrangementView.swift:246:22: warning: 'onChange(of:perform:)' was deprecated in macOS 14.0: Use `onChange` with a two or zero parameter action closure instead.
                    .onChange(of: chord.qualityIndex) { newValue in
                     ^

Failed frontend command:
/Applications/Xcode-beta.app/Contents/Developer/Toolchains/XcodeDefault.xctoolchain/usr/bin/swift-frontend -frontend -c /Users/jason/Developer/Sonatrix/src/standalone/SonatrixApp.swift -primary-file /Users/jason/Developer/Sonatrix/src/ui/ArrangementView.swift /Users/jason/Developer/Sonatrix/src/ui/DeltaGraphEditor.swift /Users/jason/Developer/Sonatrix/src/ui/MixerView.swift /Users/jason/Developer/Sonatrix/src/ui/PatternBrowser.swift /Users/jason/Developer/Sonatrix/src/ui/SonatrixViewModel.swift -emit-dependencies-path /Users/jason/Developer/Sonatrix/build/build/SonatrixStandalone.build/Debug/Objects-normal/arm64/ArrangementView.d -emit-const-values-path /Users/jason/Developer/Sonatrix/build/build/SonatrixStandalone.build/Debug/Objects-normal/arm64/ArrangementView.swiftconstvalues -emit-reference-dependencies-path /Users/jason/Developer/Sonatrix/build/build/SonatrixStandalone.build/Debug/Objects-normal/arm64/ArrangementView.swiftdeps -serialize-diagnostics-path /Users/jason/Developer/Sonatrix/build/build/SonatrixStandalone.build/Debug/Objects-normal/arm64/ArrangementView.dia -target arm64-apple-macos26.2 -Xllvm -aarch64-use-tbi -enable-objc-interop -stack-check -sdk /Applications/Xcode-beta.app/Contents/Developer/Platforms/MacOSX.platform/Developer/SDKs/MacOSX26.2.sdk -I /Users/jason/Developer/Sonatrix/build/Debug -I /Users/jason/Developer/Sonatrix/src/core -F /Users/jason/Developer/Sonatrix/build/Debug -F /Applications/Xcode-beta.app/Contents/Developer/Platforms/MacOSX.platform/Developer/SDKs/MacOSX26.2.sdk/System/Library/Frameworks -no-color-diagnostics -Xcc -fno-color-diagnostics -g -debug-info-format\=dwarf -dwarf-version\=5 -swift-version 4 -enforce-exclusivity\=checked -Onone -D STANDALONE -serialize-debugging-options -const-gather-protocols-file /Users/jason/Developer/Sonatrix/build/build/SonatrixStandalone.build/Debug/Objects-normal/arm64/SonatrixStandalone_const_extract_protocols.json -enable-experimental-feature DebugDescriptionMacro -enable-bare-slash-regex -empty-abi-descriptor -validate-clang-modules-once -clang-build-session-file /var/folders/gg/2rv51rgx3259vbndk_zcffyh0000gn/C/org.llvm.clang/ModuleCache.noindex/Session.modulevalidation -Xcc -working-directory -Xcc /Users/jason/Developer/Sonatrix -enable-anonymous-context-mangled-names -file-compilation-dir /Users/jason/Developer/Sonatrix -Xcc -D_LIBCPP_HARDENING_MODE\=_LIBCPP_HARDENING_MODE_DEBUG -Xcc -ivfsstatcache -Xcc /var/folders/gg/2rv51rgx3259vbndk_zcffyh0000gn/C/com.apple.DeveloperTools/26.2-17C5038g/Xcode/SDKStatCaches.noindex/macosx26.2-25C5048a-3885c01c3e6b6a337905948deab2002e28ca432d5676da3146507086b13d17f8.sdkstatcache -Xcc -I/Users/jason/Developer/Sonatrix/build/build/SonatrixStandalone.build/Debug/swift-overrides.hmap -Xcc -I/Users/jason/Developer/Sonatrix/build/Debug/include -Xcc -I/Users/jason/Developer/Sonatrix/src/core -Xcc -I/Users/jason/Developer/Sonatrix/build/build/SonatrixStandalone.build/Debug/DerivedSources-normal/arm64 -Xcc -I/Users/jason/Developer/Sonatrix/build/build/SonatrixStandalone.build/Debug/DerivedSources/arm64 -Xcc -I/Users/jason/Developer/Sonatrix/build/build/SonatrixStandalone.build/Debug/DerivedSources -Xcc -DCMAKE_INTDIR\=\"Debug\" -import-objc-header /Users/jason/Developer/Sonatrix/src/standalone/Sonatrix-Bridging-Header.h -pch-output-dir /Users/jason/Developer/Sonatrix/build/build/SharedPrecompiledHeaders -pch-disable-validation -no-auto-bridging-header-chaining -module-name SonatrixStandalone -frontend-parseable-output -disable-clang-spi -target-sdk-version 26.2 -target-sdk-name macosx26.2 -external-plugin-path /Applications/Xcode-beta.app/Contents/Developer/Platforms/MacOSX.platform/Developer/usr/lib/swift/host/plugins\#/Applications/Xcode-beta.app/Contents/Developer/Platforms/MacOSX.platform/Developer/usr/bin/swift-plugin-server -external-plugin-path /Applications/Xcode-beta.app/Contents/Developer/Platforms/MacOSX.platform/Developer/usr/local/lib/swift/host/plugins\#/Applications/Xcode-beta.app/Contents/Developer/Platforms/MacOSX.platform/Developer/usr/bin/swift-plugin-server -in-process-plugin-server-path /Applications/Xcode-beta.app/Contents/Developer/Toolchains/XcodeDefault.xctoolchain/usr/lib/swift/host/libSwiftInProcPluginServer.dylib -plugin-path /Applications/Xcode-beta.app/Contents/Developer/Toolchains/XcodeDefault.xctoolchain/usr/lib/swift/host/plugins -plugin-path /Applications/Xcode-beta.app/Contents/Developer/Toolchains/XcodeDefault.xctoolchain/usr/local/lib/swift/host/plugins -o /Users/jason/Developer/Sonatrix/build/build/SonatrixStandalone.build/Debug/Objects-normal/arm64/ArrangementView.o -index-unit-output-path /SonatrixStandalone.build/Debug/Objects-normal/arm64/ArrangementView.o
SwiftCompile normal arm64 Compiling\ MixerView.swift /Users/jason/Developer/Sonatrix/src/ui/MixerView.swift (in target 'SonatrixStandalone' from project 'Sonatrix')

SwiftCompile normal arm64 /Users/jason/Developer/Sonatrix/src/ui/MixerView.swift (in target 'SonatrixStandalone' from project 'Sonatrix')
    cd /Users/jason/Developer/Sonatrix
    

SwiftCompile normal arm64 Compiling\ SonatrixApp.swift /Users/jason/Developer/Sonatrix/src/standalone/SonatrixApp.swift (in target 'SonatrixStandalone' from project 'Sonatrix')

SwiftCompile normal arm64 /Users/jason/Developer/Sonatrix/src/standalone/SonatrixApp.swift (in target 'SonatrixStandalone' from project 'Sonatrix')
    cd /Users/jason/Developer/Sonatrix
    

ExtractAppIntentsMetadata (in target 'SonatrixAUv3' from project 'Sonatrix')
    cd /Users/jason/Developer/Sonatrix
    /Applications/Xcode-beta.app/Contents/Developer/Toolchains/XcodeDefault.xctoolchain/usr/bin/appintentsmetadataprocessor --toolchain-dir /var/run/com.apple.security.cryptexd/mnt/com.apple.MobileAsset.MetalToolchain-v17.3.5038.7.IY9w0Y/Metal.xctoolchain --module-name SonatrixAUv3 --sdk-root /Applications/Xcode-beta.app/Contents/Developer/Platforms/MacOSX.platform/Developer/SDKs/MacOSX26.2.sdk --xcode-version 17C5038g --platform-family macOS --deployment-target 26.2 --output /Users/jason/Developer/Sonatrix/build/Debug/SonatrixAUv3.appex/Contents/Resources --target-triple arm64-apple-macos26.2 --binary-file /Users/jason/Developer/Sonatrix/build/Debug/SonatrixAUv3.appex/Contents/MacOS/SonatrixAUv3 --dependency-file /Users/jason/Developer/Sonatrix/build/build/SonatrixAUv3.build/Debug/Objects-normal/arm64/SonatrixAUv3_dependency_info.dat --stringsdata-file /Users/jason/Developer/Sonatrix/build/build/SonatrixAUv3.build/Debug/Objects-normal/arm64/ExtractedAppShortcutsMetadata.stringsdata --source-file-list /Users/jason/Developer/Sonatrix/build/build/SonatrixAUv3.build/Debug/Objects-normal/arm64/SonatrixAUv3.SwiftFileList --metadata-file-list /Users/jason/Developer/Sonatrix/build/build/SonatrixAUv3.build/Debug/SonatrixAUv3.DependencyMetadataFileList --static-metadata-file-list /Users/jason/Developer/Sonatrix/build/build/SonatrixAUv3.build/Debug/SonatrixAUv3.DependencyStaticMetadataFileList --swift-const-vals-list /Users/jason/Developer/Sonatrix/build/build/SonatrixAUv3.build/Debug/Objects-normal/arm64/SonatrixAUv3.SwiftConstValuesFileList --compile-time-extraction --deployment-aware-processing --validate-assistant-intents --no-app-shortcuts-localization
2026-03-07 11:14:19.902 appintentsmetadataprocessor[75560:4917273] Starting appintentsmetadataprocessor export
2026-03-07 11:14:19.926 appintentsmetadataprocessor[75560:4917273] warning: Metadata extraction skipped. No AppIntents.framework dependency found.

SwiftDriverJobDiscovery normal arm64 Compiling SonatrixApp.swift (in target 'SonatrixStandalone' from project 'Sonatrix')

CodeSign /Users/jason/Developer/Sonatrix/build/Debug/SonatrixAUv3.appex (in target 'SonatrixAUv3' from project 'Sonatrix')
    cd /Users/jason/Developer/Sonatrix
    
    Signing Identity:     "Sign to Run Locally"
    
    /usr/bin/codesign --force --sign - --timestamp\=none --generate-entitlement-der /Users/jason/Developer/Sonatrix/build/Debug/SonatrixAUv3.appex

SwiftDriverJobDiscovery normal arm64 Compiling MixerView.swift (in target 'SonatrixStandalone' from project 'Sonatrix')

note: Run script build phase 'Generate CMakeFiles/ALL_BUILD' will be run during every build because the option to run the script phase "Based on dependency analysis" is unchecked. (in target 'ALL_BUILD' from project 'Sonatrix')
** BUILD FAILED **


The following build commands failed:
	SwiftCompile normal arm64 /Users/jason/Developer/Sonatrix/src/ui/ArrangementView.swift (in target 'SonatrixStandalone' from project 'Sonatrix')
	SwiftCompile normal arm64 Compiling\ ArrangementView.swift /Users/jason/Developer/Sonatrix/src/ui/ArrangementView.swift (in target 'SonatrixStandalone' from project 'Sonatrix')
(2 failures)
