Command line invocation:
    /Applications/Xcode-beta.app/Contents/Developer/usr/bin/xcodebuild -project Sonatrix.xcodeproj build -configuration Debug -parallelizeTargets -hideShellScriptEnvironment -target ALL_BUILD

ComputePackagePrebuildTargetDependencyGraph

CreateBuildRequest

SendProjectDescription

CreateBuildOperation

ComputeTargetDependencyGraph
note: Building targets in dependency order
note: Target dependency graph (5 targets)
    Target 'ALL_BUILD' in project 'Sonatrix'
        ➜ Explicit dependency on target 'ZERO_CHECK' in project 'Sonatrix'
        ➜ Explicit dependency on target 'SonatrixStandalone' in project 'Sonatrix'
        ➜ Explicit dependency on target 'SonatrixAUv3' in project 'Sonatrix'
        ➜ Explicit dependency on target 'SonatrixCore' in project 'Sonatrix'
    Target 'SonatrixAUv3' in project 'Sonatrix'
        ➜ Explicit dependency on target 'ZERO_CHECK' in project 'Sonatrix'
        ➜ Explicit dependency on target 'SonatrixCore' in project 'Sonatrix'
    Target 'SonatrixStandalone' in project 'Sonatrix'
        ➜ Explicit dependency on target 'ZERO_CHECK' in project 'Sonatrix'
        ➜ Explicit dependency on target 'SonatrixCore' in project 'Sonatrix'
    Target 'SonatrixCore' in project 'Sonatrix'
        ➜ Explicit dependency on target 'ZERO_CHECK' in project 'Sonatrix'
    Target 'ZERO_CHECK' in project 'Sonatrix' (no dependencies)

GatherProvisioningInputs

CreateBuildDescription

ExecuteExternalTool /Applications/Xcode-beta.app/Contents/Developer/Toolchains/XcodeDefault.xctoolchain/usr/bin/clang -v -E -dM -isysroot /Applications/Xcode-beta.app/Contents/Developer/Platforms/MacOSX.platform/Developer/SDKs/MacOSX26.2.sdk -x c -c /dev/null

ExecuteExternalTool /Applications/Xcode-beta.app/Contents/Developer/Toolchains/XcodeDefault.xctoolchain/usr/bin/clang -v -E -dM -arch arm64 -isysroot /Applications/Xcode-beta.app/Contents/Developer/Platforms/MacOSX.platform/Developer/SDKs/MacOSX26.2.sdk -x c++ -c /dev/null

ExecuteExternalTool /Applications/Xcode-beta.app/Contents/Developer/Toolchains/XcodeDefault.xctoolchain/usr/bin/clang -v -E -dM -arch arm64 -isysroot /Applications/Xcode-beta.app/Contents/Developer/Platforms/MacOSX.platform/Developer/SDKs/MacOSX26.2.sdk -x objective-c++ -c /dev/null

ExecuteExternalTool /Applications/Xcode-beta.app/Contents/Developer/Toolchains/XcodeDefault.xctoolchain/usr/bin/clang -v -E -dM -arch arm64 -isysroot /Applications/Xcode-beta.app/Contents/Developer/Platforms/MacOSX.platform/Developer/SDKs/MacOSX26.2.sdk -x c -c /dev/null

ExecuteExternalTool /Applications/Xcode-beta.app/Contents/Developer/Toolchains/XcodeDefault.xctoolchain/usr/bin/swiftc --version

ExecuteExternalTool /Applications/Xcode-beta.app/Contents/Developer/Toolchains/XcodeDefault.xctoolchain/usr/bin/libtool -V

ExecuteExternalTool /Applications/Xcode-beta.app/Contents/Developer/Toolchains/XcodeDefault.xctoolchain/usr/bin/ld -version_details

Build description signature: e8b53ddda3a33109a0f5b215d31ee52c
Build description path: /Users/jason/Developer/Sonatrix/build/build/XCBuildData/e8b53ddda3a33109a0f5b215d31ee52c.xcbuilddata
ClangStatCache /Applications/Xcode-beta.app/Contents/Developer/Toolchains/XcodeDefault.xctoolchain/usr/bin/clang-stat-cache /Applications/Xcode-beta.app/Contents/Developer/Platforms/MacOSX.platform/Developer/SDKs/MacOSX26.2.sdk /var/folders/gg/2rv51rgx3259vbndk_zcffyh0000gn/C/com.apple.DeveloperTools/26.2-17C5038g/Xcode/SDKStatCaches.noindex/macosx26.2-25C5048a-3885c01c3e6b6a337905948deab2002e28ca432d5676da3146507086b13d17f8.sdkstatcache
    cd /Users/jason/Developer/Sonatrix/build/Sonatrix.xcodeproj
    /Applications/Xcode-beta.app/Contents/Developer/Toolchains/XcodeDefault.xctoolchain/usr/bin/clang-stat-cache /Applications/Xcode-beta.app/Contents/Developer/Platforms/MacOSX.platform/Developer/SDKs/MacOSX26.2.sdk -o /var/folders/gg/2rv51rgx3259vbndk_zcffyh0000gn/C/com.apple.DeveloperTools/26.2-17C5038g/Xcode/SDKStatCaches.noindex/macosx26.2-25C5048a-3885c01c3e6b6a337905948deab2002e28ca432d5676da3146507086b13d17f8.sdkstatcache

PhaseScriptExecution Generate\ CMakeFiles/ZERO_CHECK /Users/jason/Developer/Sonatrix/build/build/Sonatrix.build/Debug/ZERO_CHECK.build/Script-3E24C245A94724F87DA299F5.sh (in target 'ZERO_CHECK' from project 'Sonatrix')
    cd /Users/jason/Developer/Sonatrix
    /bin/sh -c /Users/jason/Developer/Sonatrix/build/build/Sonatrix.build/Debug/ZERO_CHECK.build/Script-3E24C245A94724F87DA299F5.sh
make: `/Users/jason/Developer/Sonatrix/build/CMakeFiles/cmake.check_cache' is up to date.

WriteAuxiliaryFile /Users/jason/Developer/Sonatrix/build/build/SonatrixCore.build/Debug/Objects-normal/arm64/SonatrixCore.LinkFileList (in target 'SonatrixCore' from project 'Sonatrix')
    cd /Users/jason/Developer/Sonatrix
    write-file /Users/jason/Developer/Sonatrix/build/build/SonatrixCore.build/Debug/Objects-normal/arm64/SonatrixCore.LinkFileList

CompileC /Users/jason/Developer/Sonatrix/build/build/SonatrixCore.build/Debug/Objects-normal/arm64/AudioMixer.o /Users/jason/Developer/Sonatrix/src/core/audio/AudioMixer.cpp normal arm64 c++ com.apple.compilers.llvm.clang.1_0.compiler (in target 'SonatrixCore' from project 'Sonatrix')
    cd /Users/jason/Developer/Sonatrix
    
    Using response file: /Users/jason/Developer/Sonatrix/build/build/SonatrixCore.build/Debug/Objects-normal/arm64/82b82416624d2658e5098eb0a28c15c5-common-args.resp
    
    /Applications/Xcode-beta.app/Contents/Developer/Toolchains/XcodeDefault.xctoolchain/usr/bin/clang -x c++ -ivfsstatcache /var/folders/gg/2rv51rgx3259vbndk_zcffyh0000gn/C/com.apple.DeveloperTools/26.2-17C5038g/Xcode/SDKStatCaches.noindex/macosx26.2-25C5048a-3885c01c3e6b6a337905948deab2002e28ca432d5676da3146507086b13d17f8.sdkstatcache -fmessage-length\=0 -fdiagnostics-show-note-include-stack -fmacro-backtrace-limit\=0 -fno-color-diagnostics -Wno-trigraphs -Wno-missing-field-initializers -Wno-missing-prototypes -Wno-return-type -Wno-non-virtual-dtor -Wno-overloaded-virtual -Wno-exit-time-destructors -Wno-missing-braces -Wparentheses -Wswitch -Wno-unused-function -Wno-unused-label -Wno-unused-parameter -Wno-unused-variable -Wunused-value -Wno-empty-body -Wno-uninitialized -Wno-unknown-pragmas -Wno-shadow -Wno-four-char-constants -Wno-conversion -Wno-constant-conversion -Wno-int-conversion -Wno-bool-conversion -Wno-enum-conversion -Wno-float-conversion -Wno-non-literal-null-conversion -Wno-objc-literal-conversion -Wshorten-64-to-32 -Wno-newline-eof -Wno-c++11-extensions -Wno-implicit-fallthrough -fstrict-aliasing -Wdeprecated-declarations -Winvalid-offsetof -Wno-sign-conversion -Wno-infinite-recursion -Wno-move -Wno-comma -Wno-block-capture-autoreleasing -Wno-strict-prototypes -Wno-range-loop-analysis -Wno-semicolon-before-method-body -Wall -Wextra @/Users/jason/Developer/Sonatrix/build/build/SonatrixCore.build/Debug/Objects-normal/arm64/82b82416624d2658e5098eb0a28c15c5-common-args.resp -MMD -MT dependencies -MF /Users/jason/Developer/Sonatrix/build/build/SonatrixCore.build/Debug/Objects-normal/arm64/AudioMixer.d --serialize-diagnostics /Users/jason/Developer/Sonatrix/build/build/SonatrixCore.build/Debug/Objects-normal/arm64/AudioMixer.dia -c /Users/jason/Developer/Sonatrix/src/core/audio/AudioMixer.cpp -o /Users/jason/Developer/Sonatrix/build/build/SonatrixCore.build/Debug/Objects-normal/arm64/AudioMixer.o

ProcessProductPackaging "" /Users/jason/Developer/Sonatrix/build/build/SonatrixStandalone.build/Debug/SonatrixStandalone.app.xcent (in target 'SonatrixStandalone' from project 'Sonatrix')
    cd /Users/jason/Developer/Sonatrix
    
    Entitlements:
    
    {
    "com.apple.security.get-task-allow" = 1;
}
    
    builtin-productPackagingUtility -entitlements -format xml -o /Users/jason/Developer/Sonatrix/build/build/SonatrixStandalone.build/Debug/SonatrixStandalone.app.xcent

ProcessProductPackagingDER /Users/jason/Developer/Sonatrix/build/build/SonatrixStandalone.build/Debug/SonatrixStandalone.app.xcent /Users/jason/Developer/Sonatrix/build/build/SonatrixStandalone.build/Debug/SonatrixStandalone.app.xcent.der (in target 'SonatrixStandalone' from project 'Sonatrix')
    cd /Users/jason/Developer/Sonatrix
    /usr/bin/derq query -f xml -i /Users/jason/Developer/Sonatrix/build/build/SonatrixStandalone.build/Debug/SonatrixStandalone.app.xcent -o /Users/jason/Developer/Sonatrix/build/build/SonatrixStandalone.build/Debug/SonatrixStandalone.app.xcent.der --raw

Libtool /Users/jason/Developer/Sonatrix/build/src/core/Debug/libSonatrixCore.a normal (in target 'SonatrixCore' from project 'Sonatrix')
    cd /Users/jason/Developer/Sonatrix
    /Applications/Xcode-beta.app/Contents/Developer/Toolchains/XcodeDefault.xctoolchain/usr/bin/libtool -static -arch_only arm64 -D -syslibroot /Applications/Xcode-beta.app/Contents/Developer/Platforms/MacOSX.platform/Developer/SDKs/MacOSX26.2.sdk -L/Users/jason/Developer/Sonatrix/build/src/core/Debug -filelist /Users/jason/Developer/Sonatrix/build/build/SonatrixCore.build/Debug/Objects-normal/arm64/SonatrixCore.LinkFileList -dependency_info /Users/jason/Developer/Sonatrix/build/build/SonatrixCore.build/Debug/Objects-normal/arm64/SonatrixCore_libtool_dependency_info.dat -o /Users/jason/Developer/Sonatrix/build/src/core/Debug/libSonatrixCore.a

Ld /Users/jason/Developer/Sonatrix/build/Debug/SonatrixStandalone.app/Contents/MacOS/SonatrixStandalone normal (in target 'SonatrixStandalone' from project 'Sonatrix')
    cd /Users/jason/Developer/Sonatrix
    /Applications/Xcode-beta.app/Contents/Developer/Toolchains/XcodeDefault.xctoolchain/usr/bin/clang++ -Xlinker -reproducible -target arm64-apple-macos26.2 -isysroot /Applications/Xcode-beta.app/Contents/Developer/Platforms/MacOSX.platform/Developer/SDKs/MacOSX26.2.sdk -O0 -L/Users/jason/Developer/Sonatrix/build/build/EagerLinkingTBDs/Debug -L/Users/jason/Developer/Sonatrix/build/Debug -L/Applications/Xcode-beta.app/Contents/Developer/Platforms/MacOSX.platform/Developer/SDKs/MacOSX26.2.sdk/usr/lib/swift/Debug -L/Applications/Xcode-beta.app/Contents/Developer/Platforms/MacOSX.platform/Developer/SDKs/MacOSX26.2.sdk/usr/lib/swift -F/Users/jason/Developer/Sonatrix/build/build/EagerLinkingTBDs/Debug -F/Users/jason/Developer/Sonatrix/build/Debug -F/Applications/Xcode-beta.app/Contents/Developer/Platforms/MacOSX.platform/Developer/SDKs/MacOSX26.2.sdk/System/Library/Frameworks -filelist /Users/jason/Developer/Sonatrix/build/build/SonatrixStandalone.build/Debug/Objects-normal/arm64/SonatrixStandalone.LinkFileList -Xlinker -object_path_lto -Xlinker /Users/jason/Developer/Sonatrix/build/build/SonatrixStandalone.build/Debug/Objects-normal/arm64/SonatrixStandalone_lto.o -Xlinker -no_deduplicate -Xlinker -dependency_info -Xlinker /Users/jason/Developer/Sonatrix/build/build/SonatrixStandalone.build/Debug/Objects-normal/arm64/SonatrixStandalone_dependency_info.dat -fobjc-link-runtime -L/Applications/Xcode-beta.app/Contents/Developer/Toolchains/XcodeDefault.xctoolchain/usr/lib/swift/macosx -L/usr/lib/swift -Xlinker -add_ast_path -Xlinker /Users/jason/Developer/Sonatrix/build/build/SonatrixStandalone.build/Debug/Objects-normal/arm64/SonatrixStandalone.swiftmodule @/Users/jason/Developer/Sonatrix/build/build/SonatrixStandalone.build/Debug/Objects-normal/arm64/SonatrixStandalone-linker-args.resp /Users/jason/Developer/Sonatrix/build/src/core/Debug/libSonatrixCore.a -Xlinker -framework -Xlinker CoreAudio -Xlinker -framework -Xlinker CoreMIDI -Xlinker -framework -Xlinker AVFoundation -Xlinker -framework -Xlinker Foundation -Xlinker -framework -Xlinker AppKit -Xlinker -framework -Xlinker SwiftUI -lc++ -lobjc -lc++ -Xlinker -no_adhoc_codesign -o /Users/jason/Developer/Sonatrix/build/Debug/SonatrixStandalone.app/Contents/MacOS/SonatrixStandalone
ld: warning: ignoring duplicate libraries: '-lc++', '-lobjc'
ld: warning: search path '/Applications/Xcode-beta.app/Contents/Developer/Platforms/MacOSX.platform/Developer/SDKs/MacOSX26.2.sdk/usr/lib/swift/Debug' not found

Ld /Users/jason/Developer/Sonatrix/build/Debug/SonatrixAUv3.appex/Contents/MacOS/SonatrixAUv3 normal (in target 'SonatrixAUv3' from project 'Sonatrix')
    cd /Users/jason/Developer/Sonatrix
    /Applications/Xcode-beta.app/Contents/Developer/Toolchains/XcodeDefault.xctoolchain/usr/bin/clang++ -Xlinker -reproducible -target arm64-apple-macos26.2 -bundle -isysroot /Applications/Xcode-beta.app/Contents/Developer/Platforms/MacOSX.platform/Developer/SDKs/MacOSX26.2.sdk -O0 -L/Users/jason/Developer/Sonatrix/build/build/EagerLinkingTBDs/Debug -L/Users/jason/Developer/Sonatrix/build/Debug -L/Applications/Xcode-beta.app/Contents/Developer/Platforms/MacOSX.platform/Developer/SDKs/MacOSX26.2.sdk/usr/lib/swift/Debug -L/Applications/Xcode-beta.app/Contents/Developer/Platforms/MacOSX.platform/Developer/SDKs/MacOSX26.2.sdk/usr/lib/swift -F/Users/jason/Developer/Sonatrix/build/build/EagerLinkingTBDs/Debug -F/Users/jason/Developer/Sonatrix/build/Debug -F/Applications/Xcode-beta.app/Contents/Developer/Platforms/MacOSX.platform/Developer/SDKs/MacOSX26.2.sdk/System/Library/Frameworks -filelist /Users/jason/Developer/Sonatrix/build/build/SonatrixAUv3.build/Debug/Objects-normal/arm64/SonatrixAUv3.LinkFileList -Xlinker -object_path_lto -Xlinker /Users/jason/Developer/Sonatrix/build/build/SonatrixAUv3.build/Debug/Objects-normal/arm64/SonatrixAUv3_lto.o -Xlinker -no_deduplicate -Xlinker -dependency_info -Xlinker /Users/jason/Developer/Sonatrix/build/build/SonatrixAUv3.build/Debug/Objects-normal/arm64/SonatrixAUv3_dependency_info.dat -fobjc-link-runtime -L/Applications/Xcode-beta.app/Contents/Developer/Toolchains/XcodeDefault.xctoolchain/usr/lib/swift/macosx -L/usr/lib/swift -Xlinker -add_ast_path -Xlinker /Users/jason/Developer/Sonatrix/build/build/SonatrixAUv3.build/Debug/Objects-normal/arm64/SonatrixAUv3.swiftmodule @/Users/jason/Developer/Sonatrix/build/build/SonatrixAUv3.build/Debug/Objects-normal/arm64/SonatrixAUv3-linker-args.resp /Users/jason/Developer/Sonatrix/build/src/core/Debug/libSonatrixCore.a -Xlinker -framework -Xlinker AudioUnit -Xlinker -framework -Xlinker AudioToolbox -Xlinker -framework -Xlinker CoreAudio -Xlinker -framework -Xlinker CoreAudioKit -Xlinker -framework -Xlinker CoreMIDI -Xlinker -framework -Xlinker AVFoundation -Xlinker -framework -Xlinker Foundation -Xlinker -framework -Xlinker AppKit -Xlinker -framework -Xlinker SwiftUI -lc++ -lobjc -lc++ -Xlinker -no_adhoc_codesign -o /Users/jason/Developer/Sonatrix/build/Debug/SonatrixAUv3.appex/Contents/MacOS/SonatrixAUv3
ld: warning: ignoring duplicate libraries: '-lc++', '-lobjc'
ld: warning: search path '/Applications/Xcode-beta.app/Contents/Developer/Platforms/MacOSX.platform/Developer/SDKs/MacOSX26.2.sdk/usr/lib/swift/Debug' not found

ProcessInfoPlistFile /Users/jason/Developer/Sonatrix/build/Debug/SonatrixAUv3.appex/Contents/Info.plist /Users/jason/Developer/Sonatrix/build/CMakeFiles/SonatrixAUv3.dir/Info.plist (in target 'SonatrixAUv3' from project 'Sonatrix')
    cd /Users/jason/Developer/Sonatrix
    builtin-infoPlistUtility /Users/jason/Developer/Sonatrix/build/CMakeFiles/SonatrixAUv3.dir/Info.plist -producttype com.apple.product-type.bundle -expandbuildsettings -platform macosx -o /Users/jason/Developer/Sonatrix/build/Debug/SonatrixAUv3.appex/Contents/Info.plist
/Users/jason/Developer/Sonatrix/build/Sonatrix.xcodeproj: warning: User-supplied CFBundleIdentifier value 'com.jason.Sonatrix.AUv3' in the Info.plist must be the same as the PRODUCT_BUNDLE_IDENTIFIER build setting value ''. (in target 'SonatrixAUv3' from project 'Sonatrix')

ProcessInfoPlistFile /Users/jason/Developer/Sonatrix/build/Debug/SonatrixStandalone.app/Contents/Info.plist /Users/jason/Developer/Sonatrix/build/CMakeFiles/SonatrixStandalone.dir/Info.plist (in target 'SonatrixStandalone' from project 'Sonatrix')
    cd /Users/jason/Developer/Sonatrix
    builtin-infoPlistUtility /Users/jason/Developer/Sonatrix/build/CMakeFiles/SonatrixStandalone.dir/Info.plist -producttype com.apple.product-type.application -genpkginfo /Users/jason/Developer/Sonatrix/build/Debug/SonatrixStandalone.app/Contents/PkgInfo -expandbuildsettings -platform macosx -o /Users/jason/Developer/Sonatrix/build/Debug/SonatrixStandalone.app/Contents/Info.plist
/Users/jason/Developer/Sonatrix/build/Sonatrix.xcodeproj: warning: User-supplied CFBundleIdentifier value 'com.jason.Sonatrix' in the Info.plist must be the same as the PRODUCT_BUNDLE_IDENTIFIER build setting value ''. (in target 'SonatrixStandalone' from project 'Sonatrix')
warning: LSMinimumSystemVersion of '12.0' is less than the value of MACOSX_DEPLOYMENT_TARGET '26.2' - setting to '26.2'. (in target 'SonatrixStandalone' from project 'Sonatrix')

ExtractAppIntentsMetadata (in target 'SonatrixStandalone' from project 'Sonatrix')
    cd /Users/jason/Developer/Sonatrix
    /Applications/Xcode-beta.app/Contents/Developer/Toolchains/XcodeDefault.xctoolchain/usr/bin/appintentsmetadataprocessor --toolchain-dir /var/run/com.apple.security.cryptexd/mnt/com.apple.MobileAsset.MetalToolchain-v17.3.5038.7.IY9w0Y/Metal.xctoolchain --module-name SonatrixStandalone --sdk-root /Applications/Xcode-beta.app/Contents/Developer/Platforms/MacOSX.platform/Developer/SDKs/MacOSX26.2.sdk --xcode-version 17C5038g --platform-family macOS --deployment-target 26.2 --output /Users/jason/Developer/Sonatrix/build/Debug/SonatrixStandalone.app/Contents/Resources --target-triple arm64-apple-macos26.2 --binary-file /Users/jason/Developer/Sonatrix/build/Debug/SonatrixStandalone.app/Contents/MacOS/SonatrixStandalone --dependency-file /Users/jason/Developer/Sonatrix/build/build/SonatrixStandalone.build/Debug/Objects-normal/arm64/SonatrixStandalone_dependency_info.dat --stringsdata-file /Users/jason/Developer/Sonatrix/build/build/SonatrixStandalone.build/Debug/Objects-normal/arm64/ExtractedAppShortcutsMetadata.stringsdata --source-file-list /Users/jason/Developer/Sonatrix/build/build/SonatrixStandalone.build/Debug/Objects-normal/arm64/SonatrixStandalone.SwiftFileList --metadata-file-list /Users/jason/Developer/Sonatrix/build/build/SonatrixStandalone.build/Debug/SonatrixStandalone.DependencyMetadataFileList --static-metadata-file-list /Users/jason/Developer/Sonatrix/build/build/SonatrixStandalone.build/Debug/SonatrixStandalone.DependencyStaticMetadataFileList --swift-const-vals-list /Users/jason/Developer/Sonatrix/build/build/SonatrixStandalone.build/Debug/Objects-normal/arm64/SonatrixStandalone.SwiftConstValuesFileList --compile-time-extraction --deployment-aware-processing --validate-assistant-intents --no-app-shortcuts-localization
2026-03-07 10:39:46.415 appintentsmetadataprocessor[71621:4878292] Starting appintentsmetadataprocessor export
2026-03-07 10:39:46.419 appintentsmetadataprocessor[71621:4878292] warning: Metadata extraction skipped. No AppIntents.framework dependency found.

CopySwiftLibs /Users/jason/Developer/Sonatrix/build/Debug/SonatrixStandalone.app (in target 'SonatrixStandalone' from project 'Sonatrix')
    cd /Users/jason/Developer/Sonatrix
    builtin-swiftStdLibTool --copy --verbose --sign - --scan-executable /Users/jason/Developer/Sonatrix/build/Debug/SonatrixStandalone.app/Contents/MacOS/SonatrixStandalone --scan-folder /Users/jason/Developer/Sonatrix/build/Debug/SonatrixStandalone.app/Contents/Frameworks --scan-folder /Users/jason/Developer/Sonatrix/build/Debug/SonatrixStandalone.app/Contents/PlugIns --scan-folder /Users/jason/Developer/Sonatrix/build/Debug/SonatrixStandalone.app/Contents/Library/SystemExtensions --scan-folder /Users/jason/Developer/Sonatrix/build/Debug/SonatrixStandalone.app/Contents/Extensions --platform macosx --toolchain /var/run/com.apple.security.cryptexd/mnt/com.apple.MobileAsset.MetalToolchain-v17.3.5038.7.IY9w0Y/Metal.xctoolchain --toolchain /Applications/Xcode-beta.app/Contents/Developer/Toolchains/XcodeDefault.xctoolchain --destination /Users/jason/Developer/Sonatrix/build/Debug/SonatrixStandalone.app/Contents/Frameworks --strip-bitcode --strip-bitcode-tool /Applications/Xcode-beta.app/Contents/Developer/Toolchains/XcodeDefault.xctoolchain/usr/bin/bitcode_strip --emit-dependency-info /Users/jason/Developer/Sonatrix/build/build/SonatrixStandalone.build/Debug/SwiftStdLibToolInputDependencies.dep --filter-for-swift-os

ExtractAppIntentsMetadata (in target 'SonatrixAUv3' from project 'Sonatrix')
    cd /Users/jason/Developer/Sonatrix
    /Applications/Xcode-beta.app/Contents/Developer/Toolchains/XcodeDefault.xctoolchain/usr/bin/appintentsmetadataprocessor --toolchain-dir /var/run/com.apple.security.cryptexd/mnt/com.apple.MobileAsset.MetalToolchain-v17.3.5038.7.IY9w0Y/Metal.xctoolchain --module-name SonatrixAUv3 --sdk-root /Applications/Xcode-beta.app/Contents/Developer/Platforms/MacOSX.platform/Developer/SDKs/MacOSX26.2.sdk --xcode-version 17C5038g --platform-family macOS --deployment-target 26.2 --output /Users/jason/Developer/Sonatrix/build/Debug/SonatrixAUv3.appex/Contents/Resources --target-triple arm64-apple-macos26.2 --binary-file /Users/jason/Developer/Sonatrix/build/Debug/SonatrixAUv3.appex/Contents/MacOS/SonatrixAUv3 --dependency-file /Users/jason/Developer/Sonatrix/build/build/SonatrixAUv3.build/Debug/Objects-normal/arm64/SonatrixAUv3_dependency_info.dat --stringsdata-file /Users/jason/Developer/Sonatrix/build/build/SonatrixAUv3.build/Debug/Objects-normal/arm64/ExtractedAppShortcutsMetadata.stringsdata --source-file-list /Users/jason/Developer/Sonatrix/build/build/SonatrixAUv3.build/Debug/Objects-normal/arm64/SonatrixAUv3.SwiftFileList --metadata-file-list /Users/jason/Developer/Sonatrix/build/build/SonatrixAUv3.build/Debug/SonatrixAUv3.DependencyMetadataFileList --static-metadata-file-list /Users/jason/Developer/Sonatrix/build/build/SonatrixAUv3.build/Debug/SonatrixAUv3.DependencyStaticMetadataFileList --swift-const-vals-list /Users/jason/Developer/Sonatrix/build/build/SonatrixAUv3.build/Debug/Objects-normal/arm64/SonatrixAUv3.SwiftConstValuesFileList --compile-time-extraction --deployment-aware-processing --validate-assistant-intents --no-app-shortcuts-localization
2026-03-07 10:39:46.415 appintentsmetadataprocessor[71622:4878293] Starting appintentsmetadataprocessor export
2026-03-07 10:39:46.420 appintentsmetadataprocessor[71622:4878293] warning: Metadata extraction skipped. No AppIntents.framework dependency found.

CodeSign /Users/jason/Developer/Sonatrix/build/Debug/SonatrixAUv3.appex (in target 'SonatrixAUv3' from project 'Sonatrix')
    cd /Users/jason/Developer/Sonatrix
    
    Signing Identity:     "Sign to Run Locally"
    
    /usr/bin/codesign --force --sign - --timestamp\=none --generate-entitlement-der /Users/jason/Developer/Sonatrix/build/Debug/SonatrixAUv3.appex

CodeSign /Users/jason/Developer/Sonatrix/build/Debug/SonatrixStandalone.app (in target 'SonatrixStandalone' from project 'Sonatrix')
    cd /Users/jason/Developer/Sonatrix
    
    Signing Identity:     "Sign to Run Locally"
    
    /usr/bin/codesign --force --sign - --entitlements /Users/jason/Developer/Sonatrix/build/build/SonatrixStandalone.build/Debug/SonatrixStandalone.app.xcent --timestamp\=none --generate-entitlement-der /Users/jason/Developer/Sonatrix/build/Debug/SonatrixStandalone.app

Validate /Users/jason/Developer/Sonatrix/build/Debug/SonatrixStandalone.app (in target 'SonatrixStandalone' from project 'Sonatrix')
    cd /Users/jason/Developer/Sonatrix
    builtin-validationUtility /Users/jason/Developer/Sonatrix/build/Debug/SonatrixStandalone.app -no-validate-extension -infoplist-subpath Contents/Info.plist

RegisterWithLaunchServices /Users/jason/Developer/Sonatrix/build/Debug/SonatrixStandalone.app (in target 'SonatrixStandalone' from project 'Sonatrix')
    cd /Users/jason/Developer/Sonatrix
    /System/Library/Frameworks/CoreServices.framework/Versions/Current/Frameworks/LaunchServices.framework/Versions/Current/Support/lsregister -f -R -trusted /Users/jason/Developer/Sonatrix/build/Debug/SonatrixStandalone.app

note: Run script build phase 'Generate CMakeFiles/ALL_BUILD' will be run during every build because the option to run the script phase "Based on dependency analysis" is unchecked. (in target 'ALL_BUILD' from project 'Sonatrix')
PhaseScriptExecution Generate\ CMakeFiles/ALL_BUILD /Users/jason/Developer/Sonatrix/build/build/Sonatrix.build/Debug/ALL_BUILD.build/Script-0134419B4249DD0428D9D70B.sh (in target 'ALL_BUILD' from project 'Sonatrix')
    cd /Users/jason/Developer/Sonatrix
    /bin/sh -c /Users/jason/Developer/Sonatrix/build/build/Sonatrix.build/Debug/ALL_BUILD.build/Script-0134419B4249DD0428D9D70B.sh
Build all projects

note: Run script build phase 'Generate CMakeFiles/ZERO_CHECK' will be run during every build because the option to run the script phase "Based on dependency analysis" is unchecked. (in target 'ZERO_CHECK' from project 'Sonatrix')
** BUILD SUCCEEDED **

