Command line invocation:
    /Applications/Xcode-beta.app/Contents/Developer/usr/bin/xcodebuild -project Sonatrix.xcodeproj build -configuration Debug -parallelizeTargets -hideShellScriptEnvironment -target ALL_BUILD

ComputePackagePrebuildTargetDependencyGraph

CreateBuildRequest

SendProjectDescription

CreateBuildOperation

ComputeTargetDependencyGraph
note: Building targets in dependency order
note: Target dependency graph (5 targets)
    Target 'ALL_BUILD' in project 'Sonatrix'
        ➜ Explicit dependency on target 'ZERO_CHECK' in project 'Sonatrix'
        ➜ Explicit dependency on target 'SonatrixStandalone' in project 'Sonatrix'
        ➜ Explicit dependency on target 'SonatrixAUv3' in project 'Sonatrix'
        ➜ Explicit dependency on target 'SonatrixCore' in project 'Sonatrix'
    Target 'SonatrixAUv3' in project 'Sonatrix'
        ➜ Explicit dependency on target 'ZERO_CHECK' in project 'Sonatrix'
        ➜ Explicit dependency on target 'SonatrixCore' in project 'Sonatrix'
    Target 'SonatrixStandalone' in project 'Sonatrix'
        ➜ Explicit dependency on target 'ZERO_CHECK' in project 'Sonatrix'
        ➜ Explicit dependency on target 'SonatrixCore' in project 'Sonatrix'
    Target 'SonatrixCore' in project 'Sonatrix'
        ➜ Explicit dependency on target 'ZERO_CHECK' in project 'Sonatrix'
    Target 'ZERO_CHECK' in project 'Sonatrix' (no dependencies)

GatherProvisioningInputs

CreateBuildDescription

ExecuteExternalTool /Applications/Xcode-beta.app/Contents/Developer/Toolchains/XcodeDefault.xctoolchain/usr/bin/clang -v -E -dM -isysroot /Applications/Xcode-beta.app/Contents/Developer/Platforms/MacOSX.platform/Developer/SDKs/MacOSX26.2.sdk -x c -c /dev/null

ExecuteExternalTool /Applications/Xcode-beta.app/Contents/Developer/Toolchains/XcodeDefault.xctoolchain/usr/bin/clang -v -E -dM -arch arm64 -isysroot /Applications/Xcode-beta.app/Contents/Developer/Platforms/MacOSX.platform/Developer/SDKs/MacOSX26.2.sdk -x c++ -c /dev/null

ExecuteExternalTool /Applications/Xcode-beta.app/Contents/Developer/Toolchains/XcodeDefault.xctoolchain/usr/bin/clang -v -E -dM -arch arm64 -isysroot /Applications/Xcode-beta.app/Contents/Developer/Platforms/MacOSX.platform/Developer/SDKs/MacOSX26.2.sdk -x objective-c++ -c /dev/null

ExecuteExternalTool /Applications/Xcode-beta.app/Contents/Developer/Toolchains/XcodeDefault.xctoolchain/usr/bin/clang -v -E -dM -arch arm64 -isysroot /Applications/Xcode-beta.app/Contents/Developer/Platforms/MacOSX.platform/Developer/SDKs/MacOSX26.2.sdk -x c -c /dev/null

ExecuteExternalTool /Applications/Xcode-beta.app/Contents/Developer/Toolchains/XcodeDefault.xctoolchain/usr/bin/swiftc --version

ExecuteExternalTool /Applications/Xcode-beta.app/Contents/Developer/Toolchains/XcodeDefault.xctoolchain/usr/bin/libtool -V

ExecuteExternalTool /Applications/Xcode-beta.app/Contents/Developer/Toolchains/XcodeDefault.xctoolchain/usr/bin/ld -version_details

Build description signature: 7061ffae85a7c66852d8bdb6eaff8e49
Build description path: /Users/jason/Developer/Sonatrix/build/build/XCBuildData/7061ffae85a7c66852d8bdb6eaff8e49.xcbuilddata
ClangStatCache /Applications/Xcode-beta.app/Contents/Developer/Toolchains/XcodeDefault.xctoolchain/usr/bin/clang-stat-cache /Applications/Xcode-beta.app/Contents/Developer/Platforms/MacOSX.platform/Developer/SDKs/MacOSX26.2.sdk /var/folders/gg/2rv51rgx3259vbndk_zcffyh0000gn/C/com.apple.DeveloperTools/26.2-17C5038g/Xcode/SDKStatCaches.noindex/macosx26.2-25C5048a-3885c01c3e6b6a337905948deab2002e28ca432d5676da3146507086b13d17f8.sdkstatcache
    cd /Users/jason/Developer/Sonatrix/build/Sonatrix.xcodeproj
    /Applications/Xcode-beta.app/Contents/Developer/Toolchains/XcodeDefault.xctoolchain/usr/bin/clang-stat-cache /Applications/Xcode-beta.app/Contents/Developer/Platforms/MacOSX.platform/Developer/SDKs/MacOSX26.2.sdk -o /var/folders/gg/2rv51rgx3259vbndk_zcffyh0000gn/C/com.apple.DeveloperTools/26.2-17C5038g/Xcode/SDKStatCaches.noindex/macosx26.2-25C5048a-3885c01c3e6b6a337905948deab2002e28ca432d5676da3146507086b13d17f8.sdkstatcache

note: Run script build phase 'Generate CMakeFiles/ZERO_CHECK' will be run during every build because the option to run the script phase "Based on dependency analysis" is unchecked. (in target 'ZERO_CHECK' from project 'Sonatrix')
PhaseScriptExecution Generate\ CMakeFiles/ZERO_CHECK /Users/jason/Developer/Sonatrix/build/build/Sonatrix.build/Debug/ZERO_CHECK.build/Script-3E24C245A94724F87DA299F5.sh (in target 'ZERO_CHECK' from project 'Sonatrix')
    cd /Users/jason/Developer/Sonatrix
    /bin/sh -c /Users/jason/Developer/Sonatrix/build/build/Sonatrix.build/Debug/ZERO_CHECK.build/Script-3E24C245A94724F87DA299F5.sh
make: `/Users/jason/Developer/Sonatrix/build/CMakeFiles/cmake.check_cache' is up to date.

WriteAuxiliaryFile /Users/jason/Developer/Sonatrix/build/build/SonatrixCore.build/Debug/Objects-normal/arm64/SonatrixCore.LinkFileList (in target 'SonatrixCore' from project 'Sonatrix')
    cd /Users/jason/Developer/Sonatrix
    write-file /Users/jason/Developer/Sonatrix/build/build/SonatrixCore.build/Debug/Objects-normal/arm64/SonatrixCore.LinkFileList

CompileC /Users/jason/Developer/Sonatrix/build/build/SonatrixCore.build/Debug/Objects-normal/arm64/MIDIExporter.o /Users/jason/Developer/Sonatrix/src/core/midi/MIDIExporter.cpp normal arm64 c++ com.apple.compilers.llvm.clang.1_0.compiler (in target 'SonatrixCore' from project 'Sonatrix')
    cd /Users/jason/Developer/Sonatrix
    
    Using response file: /Users/jason/Developer/Sonatrix/build/build/SonatrixCore.build/Debug/Objects-normal/arm64/82b82416624d2658e5098eb0a28c15c5-common-args.resp
    
    /Applications/Xcode-beta.app/Contents/Developer/Toolchains/XcodeDefault.xctoolchain/usr/bin/clang -x c++ -ivfsstatcache /var/folders/gg/2rv51rgx3259vbndk_zcffyh0000gn/C/com.apple.DeveloperTools/26.2-17C5038g/Xcode/SDKStatCaches.noindex/macosx26.2-25C5048a-3885c01c3e6b6a337905948deab2002e28ca432d5676da3146507086b13d17f8.sdkstatcache -fmessage-length\=0 -fdiagnostics-show-note-include-stack -fmacro-backtrace-limit\=0 -fno-color-diagnostics -Wno-trigraphs -Wno-missing-field-initializers -Wno-missing-prototypes -Wno-return-type -Wno-non-virtual-dtor -Wno-overloaded-virtual -Wno-exit-time-destructors -Wno-missing-braces -Wparentheses -Wswitch -Wno-unused-function -Wno-unused-label -Wno-unused-parameter -Wno-unused-variable -Wunused-value -Wno-empty-body -Wno-uninitialized -Wno-unknown-pragmas -Wno-shadow -Wno-four-char-constants -Wno-conversion -Wno-constant-conversion -Wno-int-conversion -Wno-bool-conversion -Wno-enum-conversion -Wno-float-conversion -Wno-non-literal-null-conversion -Wno-objc-literal-conversion -Wshorten-64-to-32 -Wno-newline-eof -Wno-c++11-extensions -Wno-implicit-fallthrough -fstrict-aliasing -Wdeprecated-declarations -Winvalid-offsetof -Wno-sign-conversion -Wno-infinite-recursion -Wno-move -Wno-comma -Wno-block-capture-autoreleasing -Wno-strict-prototypes -Wno-range-loop-analysis -Wno-semicolon-before-method-body -Wall -Wextra @/Users/jason/Developer/Sonatrix/build/build/SonatrixCore.build/Debug/Objects-normal/arm64/82b82416624d2658e5098eb0a28c15c5-common-args.resp -MMD -MT dependencies -MF /Users/jason/Developer/Sonatrix/build/build/SonatrixCore.build/Debug/Objects-normal/arm64/MIDIExporter.d --serialize-diagnostics /Users/jason/Developer/Sonatrix/build/build/SonatrixCore.build/Debug/Objects-normal/arm64/MIDIExporter.dia -c /Users/jason/Developer/Sonatrix/src/core/midi/MIDIExporter.cpp -o /Users/jason/Developer/Sonatrix/build/build/SonatrixCore.build/Debug/Objects-normal/arm64/MIDIExporter.o

Copy /Users/jason/Developer/Sonatrix/build/Debug/SonatrixAUv3.swiftmodule/Project/arm64-apple-macos.swiftsourceinfo /Users/jason/Developer/Sonatrix/build/build/SonatrixAUv3.build/Debug/Objects-normal/arm64/SonatrixAUv3.swiftsourceinfo (in target 'SonatrixAUv3' from project 'Sonatrix')
    cd /Users/jason/Developer/Sonatrix
    builtin-copy -exclude .DS_Store -exclude CVS -exclude .svn -exclude .git -exclude .hg -strip-unsigned-binaries -strip-deterministic -strip-tool /Applications/Xcode-beta.app/Contents/Developer/Toolchains/XcodeDefault.xctoolchain/usr/bin/strip -resolve-src-symlinks -rename /Users/jason/Developer/Sonatrix/build/build/SonatrixAUv3.build/Debug/Objects-normal/arm64/SonatrixAUv3.swiftsourceinfo /Users/jason/Developer/Sonatrix/build/Debug/SonatrixAUv3.swiftmodule/Project/arm64-apple-macos.swiftsourceinfo

SwiftDriver SonatrixAUv3 normal arm64 com.apple.xcode.tools.swift.compiler (in target 'SonatrixAUv3' from project 'Sonatrix')
    cd /Users/jason/Developer/Sonatrix
    builtin-SwiftDriver -- /Applications/Xcode-beta.app/Contents/Developer/Toolchains/XcodeDefault.xctoolchain/usr/bin/swiftc -module-name SonatrixAUv3 -O -enforce-exclusivity\=checked @/Users/jason/Developer/Sonatrix/build/build/SonatrixAUv3.build/Debug/Objects-normal/arm64/SonatrixAUv3.SwiftFileList -Onone -enable-bare-slash-regex -enable-experimental-feature DebugDescriptionMacro -sdk /Applications/Xcode-beta.app/Contents/Developer/Platforms/MacOSX.platform/Developer/SDKs/MacOSX26.2.sdk -target arm64-apple-macos26.2 -g -Xfrontend -serialize-debugging-options -Xcc -D_LIBCPP_HARDENING_MODE\=_LIBCPP_HARDENING_MODE_DEBUG -swift-version 4 -I /Users/jason/Developer/Sonatrix/build/Debug -I /Users/jason/Developer/Sonatrix/src/core -F /Users/jason/Developer/Sonatrix/build/Debug -F /Applications/Xcode-beta.app/Contents/Developer/Platforms/MacOSX.platform/Developer/SDKs/MacOSX26.2.sdk/System/Library/Frameworks -c -j14 -enable-batch-mode -incremental -Xcc -ivfsstatcache -Xcc /var/folders/gg/2rv51rgx3259vbndk_zcffyh0000gn/C/com.apple.DeveloperTools/26.2-17C5038g/Xcode/SDKStatCaches.noindex/macosx26.2-25C5048a-3885c01c3e6b6a337905948deab2002e28ca432d5676da3146507086b13d17f8.sdkstatcache -output-file-map /Users/jason/Developer/Sonatrix/build/build/SonatrixAUv3.build/Debug/Objects-normal/arm64/SonatrixAUv3-OutputFileMap.json -use-frontend-parseable-output -save-temps -no-color-diagnostics -serialize-diagnostics -emit-dependencies -emit-module -emit-module-path /Users/jason/Developer/Sonatrix/build/build/SonatrixAUv3.build/Debug/Objects-normal/arm64/SonatrixAUv3.swiftmodule -validate-clang-modules-once -clang-build-session-file /var/folders/gg/2rv51rgx3259vbndk_zcffyh0000gn/C/org.llvm.clang/ModuleCache.noindex/Session.modulevalidation -Xcc -I/Users/jason/Developer/Sonatrix/build/build/SonatrixAUv3.build/Debug/swift-overrides.hmap -emit-const-values -Xfrontend -const-gather-protocols-file -Xfrontend /Users/jason/Developer/Sonatrix/build/build/SonatrixAUv3.build/Debug/Objects-normal/arm64/SonatrixAUv3_const_extract_protocols.json -Xcc -I/Users/jason/Developer/Sonatrix/build/Debug/include -Xcc -I/Users/jason/Developer/Sonatrix/src/core -Xcc -I/Users/jason/Developer/Sonatrix/build/build/SonatrixAUv3.build/Debug/DerivedSources-normal/arm64 -Xcc -I/Users/jason/Developer/Sonatrix/build/build/SonatrixAUv3.build/Debug/DerivedSources/arm64 -Xcc -I/Users/jason/Developer/Sonatrix/build/build/SonatrixAUv3.build/Debug/DerivedSources -Xcc -DCMAKE_INTDIR\=\"Debug\" -Xcc -DSonatrixAUv3_EXPORTS -emit-objc-header -emit-objc-header-path /Users/jason/Developer/Sonatrix/build/build/SonatrixAUv3.build/Debug/Objects-normal/arm64/SonatrixAUv3-Swift.h -working-directory /Users/jason/Developer/Sonatrix -experimental-emit-module-separately -disable-cmo

ProcessProductPackaging "" /Users/jason/Developer/Sonatrix/build/build/SonatrixStandalone.build/Debug/SonatrixStandalone.app.xcent (in target 'SonatrixStandalone' from project 'Sonatrix')
    cd /Users/jason/Developer/Sonatrix
    
    Entitlements:
    
    {
    "com.apple.security.get-task-allow" = 1;
}
    
    builtin-productPackagingUtility -entitlements -format xml -o /Users/jason/Developer/Sonatrix/build/build/SonatrixStandalone.build/Debug/SonatrixStandalone.app.xcent

Copy /Users/jason/Developer/Sonatrix/build/Debug/SonatrixAUv3.swiftmodule/arm64-apple-macos.swiftmodule /Users/jason/Developer/Sonatrix/build/build/SonatrixAUv3.build/Debug/Objects-normal/arm64/SonatrixAUv3.swiftmodule (in target 'SonatrixAUv3' from project 'Sonatrix')
    cd /Users/jason/Developer/Sonatrix
    builtin-copy -exclude .DS_Store -exclude CVS -exclude .svn -exclude .git -exclude .hg -strip-unsigned-binaries -strip-deterministic -strip-tool /Applications/Xcode-beta.app/Contents/Developer/Toolchains/XcodeDefault.xctoolchain/usr/bin/strip -resolve-src-symlinks -rename /Users/jason/Developer/Sonatrix/build/build/SonatrixAUv3.build/Debug/Objects-normal/arm64/SonatrixAUv3.swiftmodule /Users/jason/Developer/Sonatrix/build/Debug/SonatrixAUv3.swiftmodule/arm64-apple-macos.swiftmodule

Copy /Users/jason/Developer/Sonatrix/build/Debug/SonatrixAUv3.swiftmodule/arm64-apple-macos.abi.json /Users/jason/Developer/Sonatrix/build/build/SonatrixAUv3.build/Debug/Objects-normal/arm64/SonatrixAUv3.abi.json (in target 'SonatrixAUv3' from project 'Sonatrix')
    cd /Users/jason/Developer/Sonatrix
    builtin-copy -exclude .DS_Store -exclude CVS -exclude .svn -exclude .git -exclude .hg -strip-unsigned-binaries -strip-deterministic -strip-tool /Applications/Xcode-beta.app/Contents/Developer/Toolchains/XcodeDefault.xctoolchain/usr/bin/strip -resolve-src-symlinks -rename /Users/jason/Developer/Sonatrix/build/build/SonatrixAUv3.build/Debug/Objects-normal/arm64/SonatrixAUv3.abi.json /Users/jason/Developer/Sonatrix/build/Debug/SonatrixAUv3.swiftmodule/arm64-apple-macos.abi.json

ProcessProductPackagingDER /Users/jason/Developer/Sonatrix/build/build/SonatrixStandalone.build/Debug/SonatrixStandalone.app.xcent /Users/jason/Developer/Sonatrix/build/build/SonatrixStandalone.build/Debug/SonatrixStandalone.app.xcent.der (in target 'SonatrixStandalone' from project 'Sonatrix')
    cd /Users/jason/Developer/Sonatrix
    /usr/bin/derq query -f xml -i /Users/jason/Developer/Sonatrix/build/build/SonatrixStandalone.build/Debug/SonatrixStandalone.app.xcent -o /Users/jason/Developer/Sonatrix/build/build/SonatrixStandalone.build/Debug/SonatrixStandalone.app.xcent.der --raw

SwiftDriver SonatrixStandalone normal arm64 com.apple.xcode.tools.swift.compiler (in target 'SonatrixStandalone' from project 'Sonatrix')
    cd /Users/jason/Developer/Sonatrix
    builtin-SwiftDriver -- /Applications/Xcode-beta.app/Contents/Developer/Toolchains/XcodeDefault.xctoolchain/usr/bin/swiftc -module-name SonatrixStandalone -O -enforce-exclusivity\=checked @/Users/jason/Developer/Sonatrix/build/build/SonatrixStandalone.build/Debug/Objects-normal/arm64/SonatrixStandalone.SwiftFileList -Onone -DSTANDALONE -enable-bare-slash-regex -enable-experimental-feature DebugDescriptionMacro -sdk /Applications/Xcode-beta.app/Contents/Developer/Platforms/MacOSX.platform/Developer/SDKs/MacOSX26.2.sdk -target arm64-apple-macos26.2 -g -Xfrontend -serialize-debugging-options -Xcc -D_LIBCPP_HARDENING_MODE\=_LIBCPP_HARDENING_MODE_DEBUG -swift-version 4 -I /Users/jason/Developer/Sonatrix/build/Debug -I /Users/jason/Developer/Sonatrix/src/core -F /Users/jason/Developer/Sonatrix/build/Debug -F /Applications/Xcode-beta.app/Contents/Developer/Platforms/MacOSX.platform/Developer/SDKs/MacOSX26.2.sdk/System/Library/Frameworks -c -j14 -enable-batch-mode -incremental -Xcc -ivfsstatcache -Xcc /var/folders/gg/2rv51rgx3259vbndk_zcffyh0000gn/C/com.apple.DeveloperTools/26.2-17C5038g/Xcode/SDKStatCaches.noindex/macosx26.2-25C5048a-3885c01c3e6b6a337905948deab2002e28ca432d5676da3146507086b13d17f8.sdkstatcache -output-file-map /Users/jason/Developer/Sonatrix/build/build/SonatrixStandalone.build/Debug/Objects-normal/arm64/SonatrixStandalone-OutputFileMap.json -use-frontend-parseable-output -save-temps -no-color-diagnostics -serialize-diagnostics -emit-dependencies -emit-module -emit-module-path /Users/jason/Developer/Sonatrix/build/build/SonatrixStandalone.build/Debug/Objects-normal/arm64/SonatrixStandalone.swiftmodule -validate-clang-modules-once -clang-build-session-file /var/folders/gg/2rv51rgx3259vbndk_zcffyh0000gn/C/org.llvm.clang/ModuleCache.noindex/Session.modulevalidation -Xcc -I/Users/jason/Developer/Sonatrix/build/build/SonatrixStandalone.build/Debug/swift-overrides.hmap -emit-const-values -Xfrontend -const-gather-protocols-file -Xfrontend /Users/jason/Developer/Sonatrix/build/build/SonatrixStandalone.build/Debug/Objects-normal/arm64/SonatrixStandalone_const_extract_protocols.json -Xcc -I/Users/jason/Developer/Sonatrix/build/Debug/include -Xcc -I/Users/jason/Developer/Sonatrix/src/core -Xcc -I/Users/jason/Developer/Sonatrix/build/build/SonatrixStandalone.build/Debug/DerivedSources-normal/arm64 -Xcc -I/Users/jason/Developer/Sonatrix/build/build/SonatrixStandalone.build/Debug/DerivedSources/arm64 -Xcc -I/Users/jason/Developer/Sonatrix/build/build/SonatrixStandalone.build/Debug/DerivedSources -Xcc -DCMAKE_INTDIR\=\"Debug\" -emit-objc-header -emit-objc-header-path /Users/jason/Developer/Sonatrix/build/build/SonatrixStandalone.build/Debug/Objects-normal/arm64/SonatrixStandalone-Swift.h -import-objc-header /Users/jason/Developer/Sonatrix/src/standalone/Sonatrix-Bridging-Header.h -pch-output-dir /Users/jason/Developer/Sonatrix/build/build/SharedPrecompiledHeaders -working-directory /Users/jason/Developer/Sonatrix -experimental-emit-module-separately -disable-cmo

SwiftEmitModule normal arm64 Emitting\ module\ for\ SonatrixAUv3 (in target 'SonatrixAUv3' from project 'Sonatrix')

EmitSwiftModule normal arm64 (in target 'SonatrixAUv3' from project 'Sonatrix')
    cd /Users/jason/Developer/Sonatrix
    

SwiftCompile normal arm64 Compiling\ ArrangementView.swift /Users/jason/Developer/Sonatrix/src/ui/ArrangementView.swift (in target 'SonatrixAUv3' from project 'Sonatrix')

SwiftCompile normal arm64 /Users/jason/Developer/Sonatrix/src/ui/ArrangementView.swift (in target 'SonatrixAUv3' from project 'Sonatrix')
    cd /Users/jason/Developer/Sonatrix
    

SwiftGeneratePch normal arm64 Compiling\ bridging\ header (in target 'SonatrixStandalone' from project 'Sonatrix')

PrecompileSwiftBridgingHeader normal arm64 (in target 'SonatrixStandalone' from project 'Sonatrix')
    cd /Users/jason/Developer/Sonatrix
    

SwiftDriverJobDiscovery normal arm64 Compiling bridging header (in target 'SonatrixStandalone' from project 'Sonatrix')

SwiftEmitModule normal arm64 Emitting\ module\ for\ SonatrixStandalone (in target 'SonatrixStandalone' from project 'Sonatrix')

EmitSwiftModule normal arm64 (in target 'SonatrixStandalone' from project 'Sonatrix')
    cd /Users/jason/Developer/Sonatrix
    

SwiftCompile normal arm64 Compiling\ SonatrixViewModel.swift /Users/jason/Developer/Sonatrix/src/ui/SonatrixViewModel.swift (in target 'SonatrixStandalone' from project 'Sonatrix')
Failed frontend command:
/Applications/Xcode-beta.app/Contents/Developer/Toolchains/XcodeDefault.xctoolchain/usr/bin/swift-frontend -frontend -c /Users/jason/Developer/Sonatrix/src/standalone/SonatrixApp.swift /Users/jason/Developer/Sonatrix/src/ui/ArrangementView.swift /Users/jason/Developer/Sonatrix/src/ui/DeltaGraphEditor.swift /Users/jason/Developer/Sonatrix/src/ui/MixerView.swift /Users/jason/Developer/Sonatrix/src/ui/PatternBrowser.swift -primary-file /Users/jason/Developer/Sonatrix/src/ui/SonatrixViewModel.swift -emit-dependencies-path /Users/jason/Developer/Sonatrix/build/build/SonatrixStandalone.build/Debug/Objects-normal/arm64/SonatrixViewModel.d -emit-const-values-path /Users/jason/Developer/Sonatrix/build/build/SonatrixStandalone.build/Debug/Objects-normal/arm64/SonatrixViewModel.swiftconstvalues -emit-reference-dependencies-path /Users/jason/Developer/Sonatrix/build/build/SonatrixStandalone.build/Debug/Objects-normal/arm64/SonatrixViewModel.swiftdeps -serialize-diagnostics-path /Users/jason/Developer/Sonatrix/build/build/SonatrixStandalone.build/Debug/Objects-normal/arm64/SonatrixViewModel.dia -target arm64-apple-macos26.2 -Xllvm -aarch64-use-tbi -enable-objc-interop -stack-check -sdk /Applications/Xcode-beta.app/Contents/Developer/Platforms/MacOSX.platform/Developer/SDKs/MacOSX26.2.sdk -I /Users/jason/Developer/Sonatrix/build/Debug -I /Users/jason/Developer/Sonatrix/src/core -F /Users/jason/Developer/Sonatrix/build/Debug -F /Applications/Xcode-beta.app/Contents/Developer/Platforms/MacOSX.platform/Developer/SDKs/MacOSX26.2.sdk/System/Library/Frameworks -no-color-diagnostics -Xcc -fno-color-diagnostics -g -debug-info-format\=dwarf -dwarf-version\=5 -swift-version 4 -enforce-exclusivity\=checked -Onone -D STANDALONE -serialize-debugging-options -const-gather-protocols-file /Users/jason/Developer/Sonatrix/build/build/SonatrixStandalone.build/Debug/Objects-normal/arm64/SonatrixStandalone_const_extract_protocols.json -enable-experimental-feature DebugDescriptionMacro -enable-bare-slash-regex -empty-abi-descriptor -validate-clang-modules-once -clang-build-session-file /var/folders/gg/2rv51rgx3259vbndk_zcffyh0000gn/C/org.llvm.clang/ModuleCache.noindex/Session.modulevalidation -Xcc -working-directory -Xcc /Users/jason/Developer/Sonatrix -enable-anonymous-context-mangled-names -file-compilation-dir /Users/jason/Developer/Sonatrix -Xcc -D_LIBCPP_HARDENING_MODE\=_LIBCPP_HARDENING_MODE_DEBUG -Xcc -ivfsstatcache -Xcc /var/folders/gg/2rv51rgx3259vbndk_zcffyh0000gn/C/com.apple.DeveloperTools/26.2-17C5038g/Xcode/SDKStatCaches.noindex/macosx26.2-25C5048a-3885c01c3e6b6a337905948deab2002e28ca432d5676da3146507086b13d17f8.sdkstatcache -Xcc -I/Users/jason/Developer/Sonatrix/build/build/SonatrixStandalone.build/Debug/swift-overrides.hmap -Xcc -I/Users/jason/Developer/Sonatrix/build/Debug/include -Xcc -I/Users/jason/Developer/Sonatrix/src/core -Xcc -I/Users/jason/Developer/Sonatrix/build/build/SonatrixStandalone.build/Debug/DerivedSources-normal/arm64 -Xcc -I/Users/jason/Developer/Sonatrix/build/build/SonatrixStandalone.build/Debug/DerivedSources/arm64 -Xcc -I/Users/jason/Developer/Sonatrix/build/build/SonatrixStandalone.build/Debug/DerivedSources -Xcc -DCMAKE_INTDIR\=\"Debug\" -import-objc-header /Users/jason/Developer/Sonatrix/src/standalone/Sonatrix-Bridging-Header.h -pch-output-dir /Users/jason/Developer/Sonatrix/build/build/SharedPrecompiledHeaders -pch-disable-validation -no-auto-bridging-header-chaining -module-name SonatrixStandalone -frontend-parseable-output -disable-clang-spi -target-sdk-version 26.2 -target-sdk-name macosx26.2 -external-plugin-path /Applications/Xcode-beta.app/Contents/Developer/Platforms/MacOSX.platform/Developer/usr/lib/swift/host/plugins\#/Applications/Xcode-beta.app/Contents/Developer/Platforms/MacOSX.platform/Developer/usr/bin/swift-plugin-server -external-plugin-path /Applications/Xcode-beta.app/Contents/Developer/Platforms/MacOSX.platform/Developer/usr/local/lib/swift/host/plugins\#/Applications/Xcode-beta.app/Contents/Developer/Platforms/MacOSX.platform/Developer/usr/bin/swift-plugin-server -in-process-plugin-server-path /Applications/Xcode-beta.app/Contents/Developer/Toolchains/XcodeDefault.xctoolchain/usr/lib/swift/host/libSwiftInProcPluginServer.dylib -plugin-path /Applications/Xcode-beta.app/Contents/Developer/Toolchains/XcodeDefault.xctoolchain/usr/lib/swift/host/plugins -plugin-path /Applications/Xcode-beta.app/Contents/Developer/Toolchains/XcodeDefault.xctoolchain/usr/local/lib/swift/host/plugins -o /Users/jason/Developer/Sonatrix/build/build/SonatrixStandalone.build/Debug/Objects-normal/arm64/SonatrixViewModel.o -index-unit-output-path /SonatrixStandalone.build/Debug/Objects-normal/arm64/SonatrixViewModel.o

SwiftCompile normal arm64 /Users/jason/Developer/Sonatrix/src/ui/SonatrixViewModel.swift (in target 'SonatrixStandalone' from project 'Sonatrix')
    cd /Users/jason/Developer/Sonatrix
    
/Users/jason/Developer/Sonatrix/src/ui/SonatrixViewModel.swift:25:20: warning: immutable property will not be decoded because it is declared with an initial value which cannot be overwritten
        public let id = UUID()
                   ^
/Users/jason/Developer/Sonatrix/src/ui/SonatrixViewModel.swift:25:20: note: set the initial value via the initializer or explicitly define a CodingKeys enum including a 'id' case to silence this warning
        public let id = UUID()
                   ^
/Users/jason/Developer/Sonatrix/src/ui/SonatrixViewModel.swift:25:20: note: make the property mutable instead
        public let id = UUID()
               ~~~ ^
               var
/Users/jason/Developer/Sonatrix/src/ui/SonatrixViewModel.swift:98:36: error: 'exportMIDIToPath' has been renamed to 'exportMIDI(toPath:)'
        let success = engineFacade.exportMIDIToPath(url.path)
                                   ^~~~~~~~~~~~~~~~
                                   exportMIDI       toPath: 
__ObjC.SonatrixEngineFacade.exportMIDIToPath:3:13: note: 'exportMIDIToPath' was obsoleted in Swift 3
  open func exportMIDIToPath(_ path: String) -> Bool}
            ^

SwiftCompile normal arm64 Compiling\ MixerView.swift /Users/jason/Developer/Sonatrix/src/ui/MixerView.swift (in target 'SonatrixStandalone' from project 'Sonatrix')
SwiftCompile normal arm64 /Users/jason/Developer/Sonatrix/src/ui/MixerView.swift (in target 'SonatrixStandalone' from project 'Sonatrix')
    cd /Users/jason/Developer/Sonatrix
    

SwiftCompile normal arm64 Compiling\ PatternBrowser.swift /Users/jason/Developer/Sonatrix/src/ui/PatternBrowser.swift (in target 'SonatrixStandalone' from project 'Sonatrix')

SwiftCompile normal arm64 /Users/jason/Developer/Sonatrix/src/ui/PatternBrowser.swift (in target 'SonatrixStandalone' from project 'Sonatrix')
    cd /Users/jason/Developer/Sonatrix
    

SwiftCompile normal arm64 Compiling\ DeltaGraphEditor.swift /Users/jason/Developer/Sonatrix/src/ui/DeltaGraphEditor.swift (in target 'SonatrixStandalone' from project 'Sonatrix')

SwiftCompile normal arm64 /Users/jason/Developer/Sonatrix/src/ui/DeltaGraphEditor.swift (in target 'SonatrixStandalone' from project 'Sonatrix')
    cd /Users/jason/Developer/Sonatrix
    

SwiftCompile normal arm64 Compiling\ SonatrixApp.swift /Users/jason/Developer/Sonatrix/src/standalone/SonatrixApp.swift (in target 'SonatrixStandalone' from project 'Sonatrix')

SwiftCompile normal arm64 /Users/jason/Developer/Sonatrix/src/standalone/SonatrixApp.swift (in target 'SonatrixStandalone' from project 'Sonatrix')
    cd /Users/jason/Developer/Sonatrix
    

SwiftCompile normal arm64 Compiling\ ArrangementView.swift /Users/jason/Developer/Sonatrix/src/ui/ArrangementView.swift (in target 'SonatrixStandalone' from project 'Sonatrix')

SwiftCompile normal arm64 /Users/jason/Developer/Sonatrix/src/ui/ArrangementView.swift (in target 'SonatrixStandalone' from project 'Sonatrix')
    cd /Users/jason/Developer/Sonatrix
    

SwiftDriverJobDiscovery normal arm64 Compiling ArrangementView.swift (in target 'SonatrixAUv3' from project 'Sonatrix')

SwiftDriver\ Compilation SonatrixAUv3 normal arm64 com.apple.xcode.tools.swift.compiler (in target 'SonatrixAUv3' from project 'Sonatrix')
    cd /Users/jason/Developer/Sonatrix
    builtin-Swift-Compilation -- /Applications/Xcode-beta.app/Contents/Developer/Toolchains/XcodeDefault.xctoolchain/usr/bin/swiftc -module-name SonatrixAUv3 -O -enforce-exclusivity\=checked @/Users/jason/Developer/Sonatrix/build/build/SonatrixAUv3.build/Debug/Objects-normal/arm64/SonatrixAUv3.SwiftFileList -Onone -enable-bare-slash-regex -enable-experimental-feature DebugDescriptionMacro -sdk /Applications/Xcode-beta.app/Contents/Developer/Platforms/MacOSX.platform/Developer/SDKs/MacOSX26.2.sdk -target arm64-apple-macos26.2 -g -Xfrontend -serialize-debugging-options -Xcc -D_LIBCPP_HARDENING_MODE\=_LIBCPP_HARDENING_MODE_DEBUG -swift-version 4 -I /Users/jason/Developer/Sonatrix/build/Debug -I /Users/jason/Developer/Sonatrix/src/core -F /Users/jason/Developer/Sonatrix/build/Debug -F /Applications/Xcode-beta.app/Contents/Developer/Platforms/MacOSX.platform/Developer/SDKs/MacOSX26.2.sdk/System/Library/Frameworks -c -j14 -enable-batch-mode -incremental -Xcc -ivfsstatcache -Xcc /var/folders/gg/2rv51rgx3259vbndk_zcffyh0000gn/C/com.apple.DeveloperTools/26.2-17C5038g/Xcode/SDKStatCaches.noindex/macosx26.2-25C5048a-3885c01c3e6b6a337905948deab2002e28ca432d5676da3146507086b13d17f8.sdkstatcache -output-file-map /Users/jason/Developer/Sonatrix/build/build/SonatrixAUv3.build/Debug/Objects-normal/arm64/SonatrixAUv3-OutputFileMap.json -use-frontend-parseable-output -save-temps -no-color-diagnostics -serialize-diagnostics -emit-dependencies -emit-module -emit-module-path /Users/jason/Developer/Sonatrix/build/build/SonatrixAUv3.build/Debug/Objects-normal/arm64/SonatrixAUv3.swiftmodule -validate-clang-modules-once -clang-build-session-file /var/folders/gg/2rv51rgx3259vbndk_zcffyh0000gn/C/org.llvm.clang/ModuleCache.noindex/Session.modulevalidation -Xcc -I/Users/jason/Developer/Sonatrix/build/build/SonatrixAUv3.build/Debug/swift-overrides.hmap -emit-const-values -Xfrontend -const-gather-protocols-file -Xfrontend /Users/jason/Developer/Sonatrix/build/build/SonatrixAUv3.build/Debug/Objects-normal/arm64/SonatrixAUv3_const_extract_protocols.json -Xcc -I/Users/jason/Developer/Sonatrix/build/Debug/include -Xcc -I/Users/jason/Developer/Sonatrix/src/core -Xcc -I/Users/jason/Developer/Sonatrix/build/build/SonatrixAUv3.build/Debug/DerivedSources-normal/arm64 -Xcc -I/Users/jason/Developer/Sonatrix/build/build/SonatrixAUv3.build/Debug/DerivedSources/arm64 -Xcc -I/Users/jason/Developer/Sonatrix/build/build/SonatrixAUv3.build/Debug/DerivedSources -Xcc -DCMAKE_INTDIR\=\"Debug\" -Xcc -DSonatrixAUv3_EXPORTS -emit-objc-header -emit-objc-header-path /Users/jason/Developer/Sonatrix/build/build/SonatrixAUv3.build/Debug/Objects-normal/arm64/SonatrixAUv3-Swift.h -working-directory /Users/jason/Developer/Sonatrix -experimental-emit-module-separately -disable-cmo

SwiftDriverJobDiscovery normal arm64 Emitting module for SonatrixStandalone (in target 'SonatrixStandalone' from project 'Sonatrix')

SwiftDriver\ Compilation\ Requirements SonatrixStandalone normal arm64 com.apple.xcode.tools.swift.compiler (in target 'SonatrixStandalone' from project 'Sonatrix')
    cd /Users/jason/Developer/Sonatrix
    builtin-Swift-Compilation-Requirements -- /Applications/Xcode-beta.app/Contents/Developer/Toolchains/XcodeDefault.xctoolchain/usr/bin/swiftc -module-name SonatrixStandalone -O -enforce-exclusivity\=checked @/Users/jason/Developer/Sonatrix/build/build/SonatrixStandalone.build/Debug/Objects-normal/arm64/SonatrixStandalone.SwiftFileList -Onone -DSTANDALONE -enable-bare-slash-regex -enable-experimental-feature DebugDescriptionMacro -sdk /Applications/Xcode-beta.app/Contents/Developer/Platforms/MacOSX.platform/Developer/SDKs/MacOSX26.2.sdk -target arm64-apple-macos26.2 -g -Xfrontend -serialize-debugging-options -Xcc -D_LIBCPP_HARDENING_MODE\=_LIBCPP_HARDENING_MODE_DEBUG -swift-version 4 -I /Users/jason/Developer/Sonatrix/build/Debug -I /Users/jason/Developer/Sonatrix/src/core -F /Users/jason/Developer/Sonatrix/build/Debug -F /Applications/Xcode-beta.app/Contents/Developer/Platforms/MacOSX.platform/Developer/SDKs/MacOSX26.2.sdk/System/Library/Frameworks -c -j14 -enable-batch-mode -incremental -Xcc -ivfsstatcache -Xcc /var/folders/gg/2rv51rgx3259vbndk_zcffyh0000gn/C/com.apple.DeveloperTools/26.2-17C5038g/Xcode/SDKStatCaches.noindex/macosx26.2-25C5048a-3885c01c3e6b6a337905948deab2002e28ca432d5676da3146507086b13d17f8.sdkstatcache -output-file-map /Users/jason/Developer/Sonatrix/build/build/SonatrixStandalone.build/Debug/Objects-normal/arm64/SonatrixStandalone-OutputFileMap.json -use-frontend-parseable-output -save-temps -no-color-diagnostics -serialize-diagnostics -emit-dependencies -emit-module -emit-module-path /Users/jason/Developer/Sonatrix/build/build/SonatrixStandalone.build/Debug/Objects-normal/arm64/SonatrixStandalone.swiftmodule -validate-clang-modules-once -clang-build-session-file /var/folders/gg/2rv51rgx3259vbndk_zcffyh0000gn/C/org.llvm.clang/ModuleCache.noindex/Session.modulevalidation -Xcc -I/Users/jason/Developer/Sonatrix/build/build/SonatrixStandalone.build/Debug/swift-overrides.hmap -emit-const-values -Xfrontend -const-gather-protocols-file -Xfrontend /Users/jason/Developer/Sonatrix/build/build/SonatrixStandalone.build/Debug/Objects-normal/arm64/SonatrixStandalone_const_extract_protocols.json -Xcc -I/Users/jason/Developer/Sonatrix/build/Debug/include -Xcc -I/Users/jason/Developer/Sonatrix/src/core -Xcc -I/Users/jason/Developer/Sonatrix/build/build/SonatrixStandalone.build/Debug/DerivedSources-normal/arm64 -Xcc -I/Users/jason/Developer/Sonatrix/build/build/SonatrixStandalone.build/Debug/DerivedSources/arm64 -Xcc -I/Users/jason/Developer/Sonatrix/build/build/SonatrixStandalone.build/Debug/DerivedSources -Xcc -DCMAKE_INTDIR\=\"Debug\" -emit-objc-header -emit-objc-header-path /Users/jason/Developer/Sonatrix/build/build/SonatrixStandalone.build/Debug/Objects-normal/arm64/SonatrixStandalone-Swift.h -import-objc-header /Users/jason/Developer/Sonatrix/src/standalone/Sonatrix-Bridging-Header.h -pch-output-dir /Users/jason/Developer/Sonatrix/build/build/SharedPrecompiledHeaders -working-directory /Users/jason/Developer/Sonatrix -experimental-emit-module-separately -disable-cmo

Copy /Users/jason/Developer/Sonatrix/build/Debug/SonatrixStandalone.swiftmodule/arm64-apple-macos.swiftmodule /Users/jason/Developer/Sonatrix/build/build/SonatrixStandalone.build/Debug/Objects-normal/arm64/SonatrixStandalone.swiftmodule (in target 'SonatrixStandalone' from project 'Sonatrix')
    cd /Users/jason/Developer/Sonatrix
    builtin-copy -exclude .DS_Store -exclude CVS -exclude .svn -exclude .git -exclude .hg -strip-unsigned-binaries -strip-deterministic -strip-tool /Applications/Xcode-beta.app/Contents/Developer/Toolchains/XcodeDefault.xctoolchain/usr/bin/strip -resolve-src-symlinks -rename /Users/jason/Developer/Sonatrix/build/build/SonatrixStandalone.build/Debug/Objects-normal/arm64/SonatrixStandalone.swiftmodule /Users/jason/Developer/Sonatrix/build/Debug/SonatrixStandalone.swiftmodule/arm64-apple-macos.swiftmodule

Copy /Users/jason/Developer/Sonatrix/build/Debug/SonatrixStandalone.swiftmodule/arm64-apple-macos.abi.json /Users/jason/Developer/Sonatrix/build/build/SonatrixStandalone.build/Debug/Objects-normal/arm64/SonatrixStandalone.abi.json (in target 'SonatrixStandalone' from project 'Sonatrix')
    cd /Users/jason/Developer/Sonatrix
    builtin-copy -exclude .DS_Store -exclude CVS -exclude .svn -exclude .git -exclude .hg -strip-unsigned-binaries -strip-deterministic -strip-tool /Applications/Xcode-beta.app/Contents/Developer/Toolchains/XcodeDefault.xctoolchain/usr/bin/strip -resolve-src-symlinks -rename /Users/jason/Developer/Sonatrix/build/build/SonatrixStandalone.build/Debug/Objects-normal/arm64/SonatrixStandalone.abi.json /Users/jason/Developer/Sonatrix/build/Debug/SonatrixStandalone.swiftmodule/arm64-apple-macos.abi.json

Copy /Users/jason/Developer/Sonatrix/build/Debug/SonatrixStandalone.swiftmodule/Project/arm64-apple-macos.swiftsourceinfo /Users/jason/Developer/Sonatrix/build/build/SonatrixStandalone.build/Debug/Objects-normal/arm64/SonatrixStandalone.swiftsourceinfo (in target 'SonatrixStandalone' from project 'Sonatrix')
    cd /Users/jason/Developer/Sonatrix
    builtin-copy -exclude .DS_Store -exclude CVS -exclude .svn -exclude .git -exclude .hg -strip-unsigned-binaries -strip-deterministic -strip-tool /Applications/Xcode-beta.app/Contents/Developer/Toolchains/XcodeDefault.xctoolchain/usr/bin/strip -resolve-src-symlinks -rename /Users/jason/Developer/Sonatrix/build/build/SonatrixStandalone.build/Debug/Objects-normal/arm64/SonatrixStandalone.swiftsourceinfo /Users/jason/Developer/Sonatrix/build/Debug/SonatrixStandalone.swiftmodule/Project/arm64-apple-macos.swiftsourceinfo

CompileC /Users/jason/Developer/Sonatrix/build/build/SonatrixStandalone.build/Debug/Objects-normal/arm64/SonatrixEngineFacade.o /Users/jason/Developer/Sonatrix/src/standalone/bridging/SonatrixEngineFacade.mm normal arm64 objective-c++ com.apple.compilers.llvm.clang.1_0.compiler (in target 'SonatrixStandalone' from project 'Sonatrix')
    cd /Users/jason/Developer/Sonatrix
    
    Using response file: /Users/jason/Developer/Sonatrix/build/build/SonatrixStandalone.build/Debug/Objects-normal/arm64/af3fcb34312c57c0f52879cdce924b91-common-args.resp
    
    /Applications/Xcode-beta.app/Contents/Developer/Toolchains/XcodeDefault.xctoolchain/usr/bin/clang -x objective-c++ -ivfsstatcache /var/folders/gg/2rv51rgx3259vbndk_zcffyh0000gn/C/com.apple.DeveloperTools/26.2-17C5038g/Xcode/SDKStatCaches.noindex/macosx26.2-25C5048a-3885c01c3e6b6a337905948deab2002e28ca432d5676da3146507086b13d17f8.sdkstatcache -fmessage-length\=0 -fdiagnostics-show-note-include-stack -fmacro-backtrace-limit\=0 -fno-color-diagnostics -Wno-trigraphs -Wno-missing-field-initializers -Wno-missing-prototypes -Wno-return-type -Wno-implicit-atomic-properties -Wno-objc-interface-ivars -Wno-arc-repeated-use-of-weak -Wno-non-virtual-dtor -Wno-overloaded-virtual -Wno-exit-time-destructors -Wno-missing-braces -Wparentheses -Wswitch -Wno-unused-function -Wno-unused-label -Wno-unused-parameter -Wno-unused-variable -Wunused-value -Wno-empty-body -Wno-uninitialized -Wno-unknown-pragmas -Wno-shadow -Wno-four-char-constants -Wno-conversion -Wno-constant-conversion -Wno-int-conversion -Wno-bool-conversion -Wno-enum-conversion -Wno-float-conversion -Wno-non-literal-null-conversion -Wno-objc-literal-conversion -Wshorten-64-to-32 -Wno-newline-eof -Wno-selector -Wno-strict-selector-match -Wno-undeclared-selector -Wno-deprecated-implementations -Wno-c++11-extensions -Wno-implicit-fallthrough -fstrict-aliasing -Wprotocol -Wdeprecated-declarations -Winvalid-offsetof -Wno-sign-conversion -Wno-infinite-recursion -Wno-move -Wno-comma -Wno-block-capture-autoreleasing -Wno-strict-prototypes -Wno-range-loop-analysis -Wno-semicolon-before-method-body @/Users/jason/Developer/Sonatrix/build/build/SonatrixStandalone.build/Debug/Objects-normal/arm64/af3fcb34312c57c0f52879cdce924b91-common-args.resp -MMD -MT dependencies -MF /Users/jason/Developer/Sonatrix/build/build/SonatrixStandalone.build/Debug/Objects-normal/arm64/SonatrixEngineFacade.d --serialize-diagnostics /Users/jason/Developer/Sonatrix/build/build/SonatrixStandalone.build/Debug/Objects-normal/arm64/SonatrixEngineFacade.dia -c /Users/jason/Developer/Sonatrix/src/standalone/bridging/SonatrixEngineFacade.mm -o /Users/jason/Developer/Sonatrix/build/build/SonatrixStandalone.build/Debug/Objects-normal/arm64/SonatrixEngineFacade.o

note: Run script build phase 'Generate CMakeFiles/ALL_BUILD' will be run during every build because the option to run the script phase "Based on dependency analysis" is unchecked. (in target 'ALL_BUILD' from project 'Sonatrix')
** BUILD FAILED **


The following build commands failed:
	SwiftCompile normal arm64 Compiling\ SonatrixViewModel.swift /Users/jason/Developer/Sonatrix/src/ui/SonatrixViewModel.swift (in target 'SonatrixStandalone' from project 'Sonatrix')
	SwiftCompile normal arm64 /Users/jason/Developer/Sonatrix/src/ui/SonatrixViewModel.swift (in target 'SonatrixStandalone' from project 'Sonatrix')
(2 failures)
