Command line invocation:
    /Applications/Xcode-beta.app/Contents/Developer/usr/bin/xcodebuild -project Sonatrix.xcodeproj build -configuration Debug -parallelizeTargets -hideShellScriptEnvironment -target ALL_BUILD

ComputePackagePrebuildTargetDependencyGraph

CreateBuildRequest

SendProjectDescription

CreateBuildOperation

ComputeTargetDependencyGraph
note: Building targets in dependency order
note: Target dependency graph (5 targets)
    Target 'ALL_BUILD' in project 'Sonatrix'
        ➜ Explicit dependency on target 'SonatrixStandalone' in project 'Sonatrix'
        ➜ Explicit dependency on target 'SonatrixAUv3' in project 'Sonatrix'
        ➜ Explicit dependency on target 'ZERO_CHECK' in project 'Sonatrix'
        ➜ Explicit dependency on target 'SonatrixCore' in project 'Sonatrix'
    Target 'SonatrixAUv3' in project 'Sonatrix'
        ➜ Explicit dependency on target 'ZERO_CHECK' in project 'Sonatrix'
        ➜ Explicit dependency on target 'SonatrixCore' in project 'Sonatrix'
    Target 'SonatrixStandalone' in project 'Sonatrix'
        ➜ Explicit dependency on target 'ZERO_CHECK' in project 'Sonatrix'
        ➜ Explicit dependency on target 'SonatrixCore' in project 'Sonatrix'
    Target 'SonatrixCore' in project 'Sonatrix'
        ➜ Explicit dependency on target 'ZERO_CHECK' in project 'Sonatrix'
    Target 'ZERO_CHECK' in project 'Sonatrix' (no dependencies)

GatherProvisioningInputs

CreateBuildDescription

ExecuteExternalTool /Applications/Xcode-beta.app/Contents/Developer/Toolchains/XcodeDefault.xctoolchain/usr/bin/clang -v -E -dM -isysroot /Applications/Xcode-beta.app/Contents/Developer/Platforms/MacOSX.platform/Developer/SDKs/MacOSX26.2.sdk -x c -c /dev/null

ExecuteExternalTool /Applications/Xcode-beta.app/Contents/Developer/Toolchains/XcodeDefault.xctoolchain/usr/bin/clang -v -E -dM -arch arm64 -isysroot /Applications/Xcode-beta.app/Contents/Developer/Platforms/MacOSX.platform/Developer/SDKs/MacOSX26.2.sdk -x c++ -c /dev/null

ExecuteExternalTool /Applications/Xcode-beta.app/Contents/Developer/Toolchains/XcodeDefault.xctoolchain/usr/bin/clang -v -E -dM -arch arm64 -isysroot /Applications/Xcode-beta.app/Contents/Developer/Platforms/MacOSX.platform/Developer/SDKs/MacOSX26.2.sdk -x objective-c++ -c /dev/null

ExecuteExternalTool /Applications/Xcode-beta.app/Contents/Developer/Toolchains/XcodeDefault.xctoolchain/usr/bin/clang -v -E -dM -arch arm64 -isysroot /Applications/Xcode-beta.app/Contents/Developer/Platforms/MacOSX.platform/Developer/SDKs/MacOSX26.2.sdk -x c -c /dev/null

ExecuteExternalTool /Applications/Xcode-beta.app/Contents/Developer/Toolchains/XcodeDefault.xctoolchain/usr/bin/swiftc --version

ExecuteExternalTool /Applications/Xcode-beta.app/Contents/Developer/Toolchains/XcodeDefault.xctoolchain/usr/bin/libtool -V

ExecuteExternalTool /Applications/Xcode-beta.app/Contents/Developer/Toolchains/XcodeDefault.xctoolchain/usr/bin/ld -version_details

Build description signature: 9d8e5a204f37f46a758ef2f8efc6be5c
Build description path: /Users/jason/Developer/Sonatrix/build/build/XCBuildData/9d8e5a204f37f46a758ef2f8efc6be5c.xcbuilddata
ClangStatCache /Applications/Xcode-beta.app/Contents/Developer/Toolchains/XcodeDefault.xctoolchain/usr/bin/clang-stat-cache /Applications/Xcode-beta.app/Contents/Developer/Platforms/MacOSX.platform/Developer/SDKs/MacOSX26.2.sdk /var/folders/gg/2rv51rgx3259vbndk_zcffyh0000gn/C/com.apple.DeveloperTools/26.2-17C5038g/Xcode/SDKStatCaches.noindex/macosx26.2-25C5048a-3885c01c3e6b6a337905948deab2002e28ca432d5676da3146507086b13d17f8.sdkstatcache
    cd /Users/jason/Developer/Sonatrix/build/Sonatrix.xcodeproj
    /Applications/Xcode-beta.app/Contents/Developer/Toolchains/XcodeDefault.xctoolchain/usr/bin/clang-stat-cache /Applications/Xcode-beta.app/Contents/Developer/Platforms/MacOSX.platform/Developer/SDKs/MacOSX26.2.sdk -o /var/folders/gg/2rv51rgx3259vbndk_zcffyh0000gn/C/com.apple.DeveloperTools/26.2-17C5038g/Xcode/SDKStatCaches.noindex/macosx26.2-25C5048a-3885c01c3e6b6a337905948deab2002e28ca432d5676da3146507086b13d17f8.sdkstatcache

note: Run script build phase 'Generate CMakeFiles/ZERO_CHECK' will be run during every build because the option to run the script phase "Based on dependency analysis" is unchecked. (in target 'ZERO_CHECK' from project 'Sonatrix')
PhaseScriptExecution Generate\ CMakeFiles/ZERO_CHECK /Users/jason/Developer/Sonatrix/build/build/Sonatrix.build/Debug/ZERO_CHECK.build/Script-3E24C245A94724F87DA299F5.sh (in target 'ZERO_CHECK' from project 'Sonatrix')
    cd /Users/jason/Developer/Sonatrix
    /bin/sh -c /Users/jason/Developer/Sonatrix/build/build/Sonatrix.build/Debug/ZERO_CHECK.build/Script-3E24C245A94724F87DA299F5.sh
make: `/Users/jason/Developer/Sonatrix/build/CMakeFiles/cmake.check_cache' is up to date.

ProcessProductPackaging "" /Users/jason/Developer/Sonatrix/build/build/SonatrixStandalone.build/Debug/SonatrixStandalone.app.xcent (in target 'SonatrixStandalone' from project 'Sonatrix')
    cd /Users/jason/Developer/Sonatrix
    
    Entitlements:
    
    {
    "com.apple.security.get-task-allow" = 1;
}
    
    builtin-productPackagingUtility -entitlements -format xml -o /Users/jason/Developer/Sonatrix/build/build/SonatrixStandalone.build/Debug/SonatrixStandalone.app.xcent

ProcessInfoPlistFile /Users/jason/Developer/Sonatrix/build/Debug/SonatrixAUv3.appex/Contents/Info.plist /Users/jason/Developer/Sonatrix/build/CMakeFiles/SonatrixAUv3.dir/Info.plist (in target 'SonatrixAUv3' from project 'Sonatrix')
    cd /Users/jason/Developer/Sonatrix
    builtin-infoPlistUtility /Users/jason/Developer/Sonatrix/build/CMakeFiles/SonatrixAUv3.dir/Info.plist -producttype com.apple.product-type.bundle -expandbuildsettings -platform macosx -o /Users/jason/Developer/Sonatrix/build/Debug/SonatrixAUv3.appex/Contents/Info.plist
/Users/jason/Developer/Sonatrix/build/Sonatrix.xcodeproj: warning: User-supplied CFBundleIdentifier value 'com.jason.Sonatrix.AUv3' in the Info.plist must be the same as the PRODUCT_BUNDLE_IDENTIFIER build setting value ''. (in target 'SonatrixAUv3' from project 'Sonatrix')

ProcessProductPackagingDER /Users/jason/Developer/Sonatrix/build/build/SonatrixStandalone.build/Debug/SonatrixStandalone.app.xcent /Users/jason/Developer/Sonatrix/build/build/SonatrixStandalone.build/Debug/SonatrixStandalone.app.xcent.der (in target 'SonatrixStandalone' from project 'Sonatrix')
    cd /Users/jason/Developer/Sonatrix
    /usr/bin/derq query -f xml -i /Users/jason/Developer/Sonatrix/build/build/SonatrixStandalone.build/Debug/SonatrixStandalone.app.xcent -o /Users/jason/Developer/Sonatrix/build/build/SonatrixStandalone.build/Debug/SonatrixStandalone.app.xcent.der --raw

CompileC /Users/jason/Developer/Sonatrix/build/build/SonatrixStandalone.build/Debug/Objects-normal/arm64/SonatrixEngineFacade.o /Users/jason/Developer/Sonatrix/src/standalone/bridging/SonatrixEngineFacade.mm normal arm64 objective-c++ com.apple.compilers.llvm.clang.1_0.compiler (in target 'SonatrixStandalone' from project 'Sonatrix')
    cd /Users/jason/Developer/Sonatrix
    
    Using response file: /Users/jason/Developer/Sonatrix/build/build/SonatrixStandalone.build/Debug/Objects-normal/arm64/af3fcb34312c57c0f52879cdce924b91-common-args.resp
    
    /Applications/Xcode-beta.app/Contents/Developer/Toolchains/XcodeDefault.xctoolchain/usr/bin/clang -x objective-c++ -ivfsstatcache /var/folders/gg/2rv51rgx3259vbndk_zcffyh0000gn/C/com.apple.DeveloperTools/26.2-17C5038g/Xcode/SDKStatCaches.noindex/macosx26.2-25C5048a-3885c01c3e6b6a337905948deab2002e28ca432d5676da3146507086b13d17f8.sdkstatcache -fmessage-length\=0 -fdiagnostics-show-note-include-stack -fmacro-backtrace-limit\=0 -fno-color-diagnostics -Wno-trigraphs -Wno-missing-field-initializers -Wno-missing-prototypes -Wno-return-type -Wno-implicit-atomic-properties -Wno-objc-interface-ivars -Wno-arc-repeated-use-of-weak -Wno-non-virtual-dtor -Wno-overloaded-virtual -Wno-exit-time-destructors -Wno-missing-braces -Wparentheses -Wswitch -Wno-unused-function -Wno-unused-label -Wno-unused-parameter -Wno-unused-variable -Wunused-value -Wno-empty-body -Wno-uninitialized -Wno-unknown-pragmas -Wno-shadow -Wno-four-char-constants -Wno-conversion -Wno-constant-conversion -Wno-int-conversion -Wno-bool-conversion -Wno-enum-conversion -Wno-float-conversion -Wno-non-literal-null-conversion -Wno-objc-literal-conversion -Wshorten-64-to-32 -Wno-newline-eof -Wno-selector -Wno-strict-selector-match -Wno-undeclared-selector -Wno-deprecated-implementations -Wno-c++11-extensions -Wno-implicit-fallthrough -fstrict-aliasing -Wprotocol -Wdeprecated-declarations -Winvalid-offsetof -Wno-sign-conversion -Wno-infinite-recursion -Wno-move -Wno-comma -Wno-block-capture-autoreleasing -Wno-strict-prototypes -Wno-range-loop-analysis -Wno-semicolon-before-method-body @/Users/jason/Developer/Sonatrix/build/build/SonatrixStandalone.build/Debug/Objects-normal/arm64/af3fcb34312c57c0f52879cdce924b91-common-args.resp -MMD -MT dependencies -MF /Users/jason/Developer/Sonatrix/build/build/SonatrixStandalone.build/Debug/Objects-normal/arm64/SonatrixEngineFacade.d --serialize-diagnostics /Users/jason/Developer/Sonatrix/build/build/SonatrixStandalone.build/Debug/Objects-normal/arm64/SonatrixEngineFacade.dia -c /Users/jason/Developer/Sonatrix/src/standalone/bridging/SonatrixEngineFacade.mm -o /Users/jason/Developer/Sonatrix/build/build/SonatrixStandalone.build/Debug/Objects-normal/arm64/SonatrixEngineFacade.o
/Users/jason/Developer/Sonatrix/src/standalone/bridging/SonatrixEngineFacade.mm:220:22: error: no viable conversion from 'Sonatrix::Core::MIDI::MIDIStream' to 'const std::vector<Sonatrix::Core::MIDI::MIDIEvent>'
  220 |       cppOutputPath, masterStream, cppAssetsPath, cVols);
      |                      ^~~~~~~~~~~~
In file included from /Users/jason/Developer/Sonatrix/src/standalone/bridging/SonatrixEngineFacade.mm:10:
In file included from /Users/jason/Developer/Sonatrix/src/standalone/bridging/../../core/audio/AudioExporter.h:3:
In file included from /Users/jason/Developer/Sonatrix/src/standalone/bridging/../../core/audio/../midi/MIDIEvent.h:4:
In file included from /Applications/Xcode-beta.app/Contents/Developer/Platforms/MacOSX.platform/Developer/SDKs/MacOSX26.2.sdk/usr/include/c++/v1/vector:314:
/Applications/Xcode-beta.app/Contents/Developer/Platforms/MacOSX.platform/Developer/SDKs/MacOSX26.2.sdk/usr/include/c++/v1/__vector/vector.h:261:55: note: candidate constructor not viable: no known conversion from 'Sonatrix::Core::MIDI::MIDIStream' to 'const vector<MIDIEvent> &' for 1st argument
  261 |   _LIBCPP_CONSTEXPR_SINCE_CXX20 _LIBCPP_HIDE_FROM_ABI vector(const vector& __x)
      |                                                       ^      ~~~~~~~~~~~~~~~~~
/Applications/Xcode-beta.app/Contents/Developer/Platforms/MacOSX.platform/Developer/SDKs/MacOSX26.2.sdk/usr/include/c++/v1/__vector/vector.h:273:55: note: candidate constructor not viable: no known conversion from 'Sonatrix::Core::MIDI::MIDIStream' to 'initializer_list<value_type>' (aka 'initializer_list<Sonatrix::Core::MIDI::MIDIEvent>') for 1st argument
  273 |   _LIBCPP_CONSTEXPR_SINCE_CXX20 _LIBCPP_HIDE_FROM_ABI vector(initializer_list<value_type> __il) {
      |                                                       ^      ~~~~~~~~~~~~~~~~~~~~~~~~~~~~~~~~~
/Applications/Xcode-beta.app/Contents/Developer/Platforms/MacOSX.platform/Developer/SDKs/MacOSX26.2.sdk/usr/include/c++/v1/__vector/vector.h:289:55: note: candidate constructor not viable: no known conversion from 'Sonatrix::Core::MIDI::MIDIStream' to 'vector<MIDIEvent> &&' for 1st argument
  289 |   _LIBCPP_CONSTEXPR_SINCE_CXX20 _LIBCPP_HIDE_FROM_ABI vector(vector&& __x)
      |                                                       ^      ~~~~~~~~~~~~
/Applications/Xcode-beta.app/Contents/Developer/Platforms/MacOSX.platform/Developer/SDKs/MacOSX26.2.sdk/usr/include/c++/v1/__vector/vector.h:135:64: note: explicit constructor is not a candidate
  135 |   _LIBCPP_CONSTEXPR_SINCE_CXX20 _LIBCPP_HIDE_FROM_ABI explicit vector(const allocator_type& __a)
      |                                                                ^
/Applications/Xcode-beta.app/Contents/Developer/Platforms/MacOSX.platform/Developer/SDKs/MacOSX26.2.sdk/usr/include/c++/v1/__vector/vector.h:144:64: note: explicit constructor is not a candidate
  144 |   _LIBCPP_CONSTEXPR_SINCE_CXX20 _LIBCPP_HIDE_FROM_ABI explicit vector(size_type __n) {
      |                                                                ^
In file included from /Users/jason/Developer/Sonatrix/src/standalone/bridging/SonatrixEngineFacade.mm:10:
/Users/jason/Developer/Sonatrix/src/standalone/bridging/../../core/audio/AudioExporter.h:16:69: note: passing argument to parameter 'midiStream' here
   16 |                 const std::vector<Sonatrix::Core::MIDI::MIDIEvent> &midiStream,
      |                                                                     ^
1 error generated.

ProcessInfoPlistFile /Users/jason/Developer/Sonatrix/build/Debug/SonatrixStandalone.app/Contents/Info.plist /Users/jason/Developer/Sonatrix/build/CMakeFiles/SonatrixStandalone.dir/Info.plist (in target 'SonatrixStandalone' from project 'Sonatrix')
    cd /Users/jason/Developer/Sonatrix
    builtin-infoPlistUtility /Users/jason/Developer/Sonatrix/build/CMakeFiles/SonatrixStandalone.dir/Info.plist -producttype com.apple.product-type.application -genpkginfo /Users/jason/Developer/Sonatrix/build/Debug/SonatrixStandalone.app/Contents/PkgInfo -expandbuildsettings -platform macosx -o /Users/jason/Developer/Sonatrix/build/Debug/SonatrixStandalone.app/Contents/Info.plist
/Users/jason/Developer/Sonatrix/build/Sonatrix.xcodeproj: warning: User-supplied CFBundleIdentifier value 'com.jason.Sonatrix' in the Info.plist must be the same as the PRODUCT_BUNDLE_IDENTIFIER build setting value ''. (in target 'SonatrixStandalone' from project 'Sonatrix')
warning: LSMinimumSystemVersion of '12.0' is less than the value of MACOSX_DEPLOYMENT_TARGET '26.2' - setting to '26.2'. (in target 'SonatrixStandalone' from project 'Sonatrix')

note: Run script build phase 'Generate CMakeFiles/ALL_BUILD' will be run during every build because the option to run the script phase "Based on dependency analysis" is unchecked. (in target 'ALL_BUILD' from project 'Sonatrix')
** BUILD FAILED **


The following build commands failed:
	CompileC /Users/jason/Developer/Sonatrix/build/build/SonatrixStandalone.build/Debug/Objects-normal/arm64/SonatrixEngineFacade.o /Users/jason/Developer/Sonatrix/src/standalone/bridging/SonatrixEngineFacade.mm normal arm64 objective-c++ com.apple.compilers.llvm.clang.1_0.compiler (in target 'SonatrixStandalone' from project 'Sonatrix')
(1 failure)
